BL51 BANKED LINKER/LOCATER V5.12                                                        06/28/2018  21:43:43  PAGE 1


BL51 BANKED LINKER/LOCATER V5.12, INVOKED BY:
D:\KEIL\C51\BIN\BL51.EXE cut.obj, ADC.obj, KEY.obj, LCD.obj, ROT.obj, COUNTER.obj TO cut RAMSIZE (256)


MEMORY MODEL: SMALL WITH FLOATING POINT ARITHMETIC


INPUT MODULES INCLUDED:
  cut.obj (CUT)
  ADC.obj (ADC)
  KEY.obj (KEY)
  LCD.obj (LCD)
  ROT.obj (ROT)
  COUNTER.obj (COUNTER)
  D:\KEIL\C51\LIB\C51FPS.LIB (?C?FPDIV)
  D:\KEIL\C51\LIB\C51FPS.LIB (?C?FCAST)
  D:\KEIL\C51\LIB\C51FPS.LIB (?C?CASTF)
  D:\KEIL\C51\LIB\C51FPS.LIB (POW)
  D:\KEIL\C51\LIB\C51FPS.LIB (?C?FPGETOPN)
  D:\KEIL\C51\LIB\C51FPS.LIB (?C?CHKFLOAT)
  D:\KEIL\C51\LIB\C51FPS.LIB (?C?FPADD)
  D:\KEIL\C51\LIB\C51FPS.LIB (?C?FPMUL)
  D:\KEIL\C51\LIB\C51FPS.LIB (?C?FPCMP)
  D:\KEIL\C51\LIB\C51FPS.LIB (?C?FPNEG)
  D:\KEIL\C51\LIB\C51FPS.LIB (EXP)
  D:\KEIL\C51\LIB\C51FPS.LIB (LOG)
  D:\KEIL\C51\LIB\C51FPS.LIB (?C?FPSERIES)
  D:\KEIL\C51\LIB\C51S.LIB (?C_STARTUP)
  D:\KEIL\C51\LIB\C51S.LIB (?C?CLDOPTR)
  D:\KEIL\C51\LIB\C51S.LIB (?C?IMUL)
  D:\KEIL\C51\LIB\C51S.LIB (?C?UIDIV)
  D:\KEIL\C51\LIB\C51S.LIB (?C?SIDIV)
  D:\KEIL\C51\LIB\C51S.LIB (?C?ILDPTR)
  D:\KEIL\C51\LIB\C51S.LIB (?C?IILDPTR)
  D:\KEIL\C51\LIB\C51S.LIB (?C?ISTPTR)
  D:\KEIL\C51\LIB\C51S.LIB (?C?LMUL)
  D:\KEIL\C51\LIB\C51S.LIB (?C?SLDIV)
  D:\KEIL\C51\LIB\C51S.LIB (?C?LNEG)
  D:\KEIL\C51\LIB\C51S.LIB (?C?LLDCODE)
  D:\KEIL\C51\LIB\C51S.LIB (?C?LLDCODE0)
  D:\KEIL\C51\LIB\C51S.LIB (?C_INIT)
  D:\KEIL\C51\LIB\C51S.LIB (?C?IILDX)
  D:\KEIL\C51\LIB\C51S.LIB (?C?ULDIV)


LINK MAP OF MODULE:  cut (CUT)


            TYPE    BASE      LENGTH    RELOCATION   SEGMENT NAME
            -----------------------------------------------------

            * * * * * * *   D A T A   M E M O R Y   * * * * * * *
            REG     0000H     0008H     ABSOLUTE     "REG BANK 0"
            REG     0008H     0008H     ABSOLUTE     "REG BANK 1"
            DATA    0010H     0005H     UNIT         ?DT?_CGRAM?LCD
            DATA    0015H     0002H     UNIT         ?DT?ID_SHIFT?CUT
            DATA    0017H     0001H     UNIT         ?DT?HELP?CUT
            REG     0018H     0008H     ABSOLUTE     "REG BANK 3"
BL51 BANKED LINKER/LOCATER V5.12                                                      06/28/2018  21:43:43  PAGE 2


            DATA    0020H     0004H     BIT_ADDR     ?BA?CUT
            BIT     0024H.0   0000H.1   UNIT         _BIT_GROUP_
                    0024H.1   0000H.7                *** GAP ***
            DATA    0025H     0024H     UNIT         _DATA_GROUP_
            DATA    0049H     0011H     UNIT         ?DT?CUT
            DATA    005AH     0002H     UNIT         ?DT?ADC_HEX_DISPLAY?ADC
            DATA    005CH     0002H     UNIT         ?DT?ADC
            DATA    005EH     0002H     UNIT         ?DT?ROT
            IDATA   0060H     0001H     UNIT         ?STACK

            * * * * * * *   C O D E   M E M O R Y   * * * * * * *
            CODE    0000H     0003H     ABSOLUTE     
            CODE    0003H     0003H     ABSOLUTE     
                    0006H     0005H                  *** GAP ***
            CODE    000BH     0003H     ABSOLUTE     
                    000EH     0005H                  *** GAP ***
            CODE    0013H     0003H     ABSOLUTE     
            CODE    0016H     0015H     UNIT         ?PR?SCAN_OFF?KEY
            CODE    002BH     0003H     ABSOLUTE     
            CODE    002EH     06EFH     UNIT         ?C?LIB_CODE
            CODE    071DH     022FH     UNIT         ?PR?_HEX_TO_VOL?ADC
            CODE    094CH     0229H     UNIT         ?PR?ID_SHIFT?CUT
            CODE    0B75H     01DCH     UNIT         ?PR?_HEX_TO_DEC?ADC
            CODE    0D51H     018DH     UNIT         ?PR?ROTP_INT?CUT
            CODE    0EDEH     0135H     UNIT         ?PR?LOG?LOG
            CODE    1013H     0117H     UNIT         ?PR?_POW?POW
            CODE    112AH     010AH     UNIT         ?PR?MAIN?CUT
            CODE    1234H     0105H     UNIT         ?CO?CUT
            CODE    1339H     00D3H     UNIT         ?PR?_HEX_TO_BIN?ADC
            CODE    140CH     00D2H     UNIT         ?PR?SCAN_ON?KEY
            CODE    14DEH     00A0H     UNIT         ?PR?_ROT_SCAN?ROT
            CODE    157EH     009CH     UNIT         ?PR?T2_INT?CUT
            CODE    161AH     009AH     UNIT         ?PR?EXP?EXP
            CODE    16B4H     008CH     UNIT         ?C_C51STARTUP
            CODE    1740H     007CH     UNIT         ?PR?_COUNTER_DISP?CUT
            CODE    17BCH     0075H     UNIT         ?PR?MENU_DISP?CUT
            CODE    1831H     005EH     UNIT         ?PR?KEY_PRO?CUT
            CODE    188FH     005AH     UNIT         ?PR?V_ADC0?ADC
            CODE    18E9H     005AH     UNIT         ?PR?V_ADC5?ADC
            CODE    1943H     0053H     UNIT         ?PR?ADC_HEX_DISPLAY?ADC
            CODE    1996H     004DH     UNIT         ?PR?HELP?CUT
            CODE    19E3H     004AH     UNIT         ?PR?KEY_INT?CUT
            CODE    1A2DH     0047H     UNIT         ?PR?_UP_COUNTER?COUNTER
            CODE    1A74H     0047H     UNIT         ?PR?_DOWN_COUNTER?COUNTER
            CODE    1ABBH     0044H     UNIT         ?C?LDIV
            CODE    1AFFH     003DH     UNIT         ?PR?_CGRAM?LCD
            CODE    1B3CH     003DH     UNIT         ?PR?INIT_LCD?LCD
            CODE    1B79H     0033H     UNIT         ?PR?_SEND_DATA?LCD
            CODE    1BACH     0032H     UNIT         ?PR?ADC_BIN_DISPLAY?ADC
            CODE    1BDEH     002AH     UNIT         ?PR?_ADC_VOL_DISPLAY?ADC
            CODE    1C08H     0025H     UNIT         ?PR?TIME_INC?CUT
            CODE    1C2DH     0025H     UNIT         ?PR?ADC_DEC_DISPLAY?ADC
            CODE    1C52H     0020H     UNIT         ?PR?ROT_RIGHT?ROT
            CODE    1C72H     001FH     UNIT         ?PR?ROT_LEFT?ROT
            CODE    1C91H     001DH     UNIT         ?PR?_LCD_CMD?LCD
            CODE    1CAEH     0013H     UNIT         ?PR?_DLY?LCD
            CODE    1CC1H     0013H     UNIT         ?PR?_DELAYL?LCD
BL51 BANKED LINKER/LOCATER V5.12                                                      06/28/2018  21:43:43  PAGE 3


            CODE    1CD4H     000DH     UNIT         ?PR?T0_INT?CUT
            CODE    1CE1H     000DH     UNIT         ?C_INITSEG
            CODE    1CEEH     000BH     UNIT         ?PR?_LCD_CMDI?LCD
            CODE    1CF9H     000AH     UNIT         ?PR?BEEP_PRO?CUT
            CODE    1D03H     000AH     UNIT         ?PR?_DELAY?LCD
            CODE    1D0DH     0009H     UNIT         ?PR?INIT_ADC?ADC



OVERLAY MAP OF MODULE:   cut (CUT)


SEGMENT                              BIT_GROUP          DATA_GROUP 
  +--> CALLED SEGMENT             START    LENGTH     START    LENGTH
---------------------------------------------------------------------
?PR?ROTP_INT?CUT                  -----    -----      0025H    0001H
  +--> ?PR?BEEP_PRO?CUT
  +--> ?PR?_LCD_CMD?LCD
  +--> ?PR?_DELAY?LCD
  +--> ?CO?CUT
  +--> ?PR?_SEND_DATA?LCD

?PR?_LCD_CMD?LCD                  -----    -----      0038H    0001H
  +--> ?PR?_DLY?LCD

?PR?_SEND_DATA?LCD                -----    -----      0046H    0001H
  +--> ?PR?_DLY?LCD

*** NEW ROOT ***************************************************

?PR?KEY_INT?CUT                   -----    -----      0027H    0001H
  +--> ?PR?SCAN_ON?KEY
  +--> ?PR?_DELAY?LCD
  +--> ?PR?SCAN_OFF?KEY
  +--> ?PR?KEY_PRO?CUT

?PR?SCAN_OFF?KEY                  -----    -----      -----    -----
  +--> ?PR?_DELAY?LCD

?PR?KEY_PRO?CUT                   -----    -----      0028H    0001H
  +--> ?PR?BEEP_PRO?CUT
  +--> ?PR?_LCD_CMD?LCD
  +--> ?PR?_DELAY?LCD

*** NEW ROOT ***************************************************

?PR?T2_INT?CUT                    -----    -----      -----    -----
  +--> ?PR?_UP_COUNTER?COUNTER
  +--> ?PR?_DOWN_COUNTER?COUNTER
  +--> ?PR?TIME_INC?CUT

?PR?_UP_COUNTER?COUNTER           -----    -----      002AH    0007H

?PR?_DOWN_COUNTER?COUNTER         -----    -----      002AH    0007H

*** NEW ROOT ***************************************************

BL51 BANKED LINKER/LOCATER V5.12                                                      06/28/2018  21:43:43  PAGE 4


?C_C51STARTUP                     -----    -----      -----    -----
  +--> ?PR?MAIN?CUT
  +--> ?C_INITSEG

?PR?MAIN?CUT                      -----    -----      0031H    0001H
  +--> ?PR?INIT_LCD?LCD
  +--> ?PR?MENU_DISP?CUT
  +--> ?PR?_ROT_SCAN?ROT
  +--> ?PR?_COUNTER_DISP?CUT
  +--> ?PR?V_ADC5?ADC
  +--> ?PR?_LCD_CMD?LCD
  +--> ?PR?ADC_DEC_DISPLAY?ADC
  +--> ?PR?ADC_BIN_DISPLAY?ADC
  +--> ?PR?_ADC_VOL_DISPLAY?ADC

?PR?INIT_LCD?LCD                  -----    -----      -----    -----
  +--> ?PR?_LCD_CMDI?LCD
  +--> ?PR?_DELAY?LCD
  +--> ?PR?_LCD_CMD?LCD

?PR?_LCD_CMDI?LCD                 -----    -----      -----    -----
  +--> ?PR?_DLY?LCD

?PR?MENU_DISP?CUT                 -----    -----      0035H    0001H
  +--> ?PR?_LCD_CMD?LCD
  +--> ?CO?CUT
  +--> ?PR?_SEND_DATA?LCD

?PR?_ROT_SCAN?ROT                 -----    -----      0032H    0003H
  +--> ?PR?ROT_RIGHT?ROT
  +--> ?PR?ROT_LEFT?ROT

?PR?ROT_RIGHT?ROT                 -----    -----      -----    -----
  +--> ?PR?BEEP_PRO?CUT
  +--> ?PR?MENU_DISP?CUT

?PR?ROT_LEFT?ROT                  -----    -----      -----    -----
  +--> ?PR?BEEP_PRO?CUT
  +--> ?PR?MENU_DISP?CUT

?PR?_COUNTER_DISP?CUT             -----    -----      0032H    0006H
  +--> ?PR?_LCD_CMD?LCD
  +--> ?PR?_POW?POW
  +--> ?PR?_SEND_DATA?LCD

?PR?_POW?POW                      -----    -----      003BH    000AH
  +--> ?PR?LOG?LOG
  +--> ?PR?EXP?EXP

?PR?LOG?LOG                       0024H.0  0000H.1    0045H    0004H

?PR?ADC_DEC_DISPLAY?ADC           -----    -----      0032H    0001H
  +--> ?PR?_HEX_TO_DEC?ADC
  +--> ?PR?_SEND_DATA?LCD

?PR?_HEX_TO_DEC?ADC               -----    -----      0033H    0008H
  +--> ?PR?_POW?POW
BL51 BANKED LINKER/LOCATER V5.12                                                      06/28/2018  21:43:43  PAGE 5


  +--> ?PR?_SEND_DATA?LCD

?PR?ADC_BIN_DISPLAY?ADC           -----    -----      0032H    0002H
  +--> ?PR?_HEX_TO_BIN?ADC
  +--> ?PR?_LCD_CMD?LCD
  +--> ?PR?_SEND_DATA?LCD

?PR?_HEX_TO_BIN?ADC               -----    -----      0034H    0002H
  +--> ?PR?_SEND_DATA?LCD

?PR?_ADC_VOL_DISPLAY?ADC          -----    -----      0032H    0002H
  +--> ?PR?_HEX_TO_VOL?ADC

?PR?_HEX_TO_VOL?ADC               -----    -----      0034H    0012H
  +--> ?PR?_SEND_DATA?LCD



SYMBOL TABLE OF MODULE:  cut (CUT)

  VALUE           TYPE          NAME
  ----------------------------------

  -------         MODULE        CUT
  C:0000H         SYMBOL        _ICE_DUMMY_
  D:0080H         PUBLIC        P0
  B:0020H.6       PUBLIC        KDOWN_FLAG
  D:0090H         PUBLIC        P1
  D:00A0H         PUBLIC        P2
  B:0021H.0       PUBLIC        BE_FLAG
  B:0022H.3       PUBLIC        ADC_BIN
  D:00C0H         PUBLIC        XICON
  D:00B0H         PUBLIC        P3
  D:00E8H         PUBLIC        P4
  B:00A8H.7       PUBLIC        EA
  D:0049H         PUBLIC        B_CNT
  D:00A8H         PUBLIC        IE
  B:0080H.1       PUBLIC        EN
  C:0D51H         PUBLIC        ROTP_INT
  C:1748H         PUBLIC        _COUNTER_DISP
  C:1245H         PUBLIC        STUDENT_ID
  D:00B8H         PUBLIC        IP
  D:004AH         PUBLIC        LCD_CNT
  B:0020H.1       PUBLIC        UP_ABLE
  B:00B0H.4       PUBLIC        BEEP
  D:004BH         PUBLIC        KeySwitch
  B:0020H.0       PUBLIC        UP_FLAG
  D:00CBH         PUBLIC        RCAP2H
  D:00D8H         PUBLIC        CCON
  C:112AH         PUBLIC        MAIN
  D:00CAH         PUBLIC        RCAP2L
  C:12DEH         PUBLIC        MSGA
  C:12EFH         PUBLIC        MSGB
  C:1996H         PUBLIC        HELP
  C:1300H         PUBLIC        MSGC
  C:1305H         PUBLIC        MSGD
  C:1310H         PUBLIC        MSGE
BL51 BANKED LINKER/LOCATER V5.12                                                      06/28/2018  21:43:43  PAGE 6


  D:004DH         PUBLIC        MENUPTR
  B:0020H.3       PUBLIC        DOWN_ABLE
  D:0098H         PUBLIC        SCON
  B:0020H.2       PUBLIC        DOWN_FLAG
  D:0089H         PUBLIC        TMOD
  D:0088H         PUBLIC        TCON
  C:19E3H         PUBLIC        KEY_INT
  D:004EH         PUBLIC        KeyCount
  B:00B0H.6       PUBLIC        ROTA
  C:1321H         PUBLIC        FONT
  B:00B0H.7       PUBLIC        ROTB
  B:0023H.2       PUBLIC        Stu_FLAG
  C:1831H         PUBLIC        KEY_PRO
  D:0050H         PUBLIC        SECOND
  B:0022H.1       PUBLIC        ADC_ABLE
  D:0051H         PUBLIC        ONESEC
  D:0052H         PUBLIC        HOUR
  D:0053H         PUBLIC        RotCount
  B:0022H.0       PUBLIC        ADC_FLAG
  B:00B0H.2       PUBLIC        ROTP
  C:17BCH         PUBLIC        MENU_DISP
  B:0023H.1       PUBLIC        T_ABLE
  B:00A8H.1       PUBLIC        ET0
  B:00A8H.5       PUBLIC        ET2
  B:0022H.4       PUBLIC        ADC_VOL1
  B:00C8H.7       PUBLIC        TF2
  D:008CH         PUBLIC        TH0
  B:0022H.5       PUBLIC        ADC_VOL2
  B:00A8H.0       PUBLIC        EX0
  B:0088H.0       PUBLIC        IT0
  B:0022H.6       PUBLIC        ADC_VOL3
  D:00CDH         PUBLIC        TH2
  B:00A8H.2       PUBLIC        EX1
  B:0022H.7       PUBLIC        ADC_VOL4
  B:0023H.0       PUBLIC        T_FLAG
  C:1CD4H         PUBLIC        T0_INT
  D:008AH         PUBLIC        TL0
  C:157EH         PUBLIC        T2_INT
  D:00CCH         PUBLIC        TL2
  B:00B8H.1       PUBLIC        PT0
  B:00B8H.5       PUBLIC        PT2
  B:0088H.4       PUBLIC        TR0
  B:00C8H.2       PUBLIC        TR2
  D:0055H         PUBLIC        SEC
  D:0056H         PUBLIC        OLD
  D:0057H         PUBLIC        K_TEMP
  D:0058H         PUBLIC        MIN
  D:0023H         PUBLIC        f
  B:0020H.5       PUBLIC        KUP_ABLE
  D:0022H         PUBLIC        g
  D:0021H         PUBLIC        h
  D:0059H         PUBLIC        KEY_NO
  C:124EH         PUBLIC        MSG
  D:00C8H         PUBLIC        T2CON
  C:1C08H         PUBLIC        TIME_INC
  B:0020H.4       PUBLIC        KUP_FLAG
  C:1234H         PUBLIC        SPACE
BL51 BANKED LINKER/LOCATER V5.12                                                      06/28/2018  21:43:43  PAGE 7


  C:094CH         PUBLIC        ID_Shift
  C:1CF9H         PUBLIC        BEEP_PRO
  D:0020H         PUBLIC        q
  B:0022H.2       PUBLIC        ADC_DEC
  B:0020H.7       PUBLIC        KDOWN_ABLE
  D:00D0H         PUBLIC        PSW
  -------         PROC          ROTP_INT
  -------         DO            
  D:0025H         SYMBOL        i
  -------         ENDDO         
  C:0D51H         LINE#         81
  C:0D5EH         LINE#         84
  C:0D61H         LINE#         85
  C:0D6AH         LINE#         86
  C:0D96H         LINE#         87
  C:0D96H         LINE#         88
  C:0DA7H         LINE#         89
  C:0DBDH         LINE#         90
  C:0DC1H         LINE#         91
  C:0DC4H         LINE#         92
  C:0DC4H         LINE#         93
  C:0DD5H         LINE#         94
  C:0DEBH         LINE#         95
  C:0DEFH         LINE#         96
  C:0DF2H         LINE#         97
  C:0DF2H         LINE#         98
  C:0E03H         LINE#         99
  C:0E19H         LINE#         100
  C:0E1DH         LINE#         101
  C:0E20H         LINE#         102
  C:0E20H         LINE#         103
  C:0E31H         LINE#         104
  C:0E47H         LINE#         105
  C:0E4BH         LINE#         106
  C:0E4EH         LINE#         107
  C:0E4EH         LINE#         108
  C:0E5FH         LINE#         109
  C:0E75H         LINE#         110
  C:0E79H         LINE#         111
  C:0E7BH         LINE#         112
  C:0E7BH         LINE#         113
  C:0E8CH         LINE#         114
  C:0EA2H         LINE#         115
  C:0EA6H         LINE#         116
  C:0EA8H         LINE#         117
  C:0EA8H         LINE#         119
  C:0EA8H         LINE#         120
  C:0EA8H         LINE#         121
  C:0EB4H         LINE#         122
  C:0EB9H         LINE#         123
  C:0EBBH         LINE#         124
  C:0EBDH         LINE#         125
  C:0EBDH         LINE#         126
  C:0EC9H         LINE#         127
  C:0ECEH         LINE#         128
  C:0ED0H         LINE#         129
  C:0ED0H         LINE#         130
BL51 BANKED LINKER/LOCATER V5.12                                                      06/28/2018  21:43:43  PAGE 8


  C:0ED0H         LINE#         131
  C:0ED0H         LINE#         132
  C:0ED0H         LINE#         133
  C:0ED3H         LINE#         134
  -------         ENDPROC       ROTP_INT
  -------         PROC          T0_INT
  C:1CD4H         LINE#         136
  C:1CD4H         LINE#         138
  C:1CD7H         LINE#         139
  C:1CDAH         LINE#         140
  C:1CE0H         LINE#         141
  C:1CE0H         LINE#         142
  -------         ENDPROC       T0_INT
  -------         PROC          KEY_INT
  -------         DO            
  D:0027H         SYMBOL        COD_TMP
  -------         ENDDO         
  C:19E3H         LINE#         144
  C:19F0H         LINE#         147
  C:19F3H         LINE#         148
  C:19FAH         LINE#         149
  C:19FDH         LINE#         150
  C:1A04H         LINE#         151
  C:1A07H         LINE#         152
  C:1A0EH         LINE#         153
  C:1A1CH         LINE#         154
  C:1A1FH         LINE#         155
  C:1A22H         LINE#         156
  -------         ENDPROC       KEY_INT
  -------         PROC          T2_INT
  C:157EH         LINE#         158
  C:158BH         LINE#         160
  C:158DH         LINE#         161
  C:158FH         LINE#         162
  C:1596H         LINE#         163
  C:1599H         LINE#         166
  C:159CH         LINE#         167
  C:159CH         LINE#         168
  C:159EH         LINE#         169
  C:15AAH         LINE#         170
  C:15ACH         LINE#         171
  C:15AFH         LINE#         172
  C:15AFH         LINE#         173
  C:15B1H         LINE#         174
  C:15C1H         LINE#         175
  C:15C3H         LINE#         176
  C:15C6H         LINE#         177
  C:15C6H         LINE#         178
  C:15C8H         LINE#         179
  C:15DAH         LINE#         180
  C:15DCH         LINE#         181
  C:15DFH         LINE#         182
  C:15DFH         LINE#         183
  C:15E1H         LINE#         184
  C:15F4H         LINE#         185
  C:15F6H         LINE#         186
  C:15F9H         LINE#         187
BL51 BANKED LINKER/LOCATER V5.12                                                      06/28/2018  21:43:43  PAGE 9


  C:15F9H         LINE#         188
  C:15FBH         LINE#         189
  C:15FBH         LINE#         192
  C:15FDH         LINE#         193
  C:1604H         LINE#         194
  C:160AH         LINE#         195
  C:160FH         LINE#         196
  -------         ENDPROC       T2_INT
  -------         PROC          MAIN
  -------         DO            
  D:0031H         SYMBOL        i
  D:0007H         SYMBOL        j
  D:0006H         SYMBOL        k
  -------         ENDDO         
  C:112AH         LINE#         198
  C:112AH         LINE#         199
  C:112AH         LINE#         201
  C:1133H         LINE#         202
  C:113AH         LINE#         203
  C:113DH         LINE#         204
  C:1140H         LINE#         205
  C:1142H         LINE#         208
  C:1149H         LINE#         209
  C:114EH         LINE#         211
  C:1151H         LINE#         212
  C:115FH         LINE#         213
  C:1165H         LINE#         214
  C:116CH         LINE#         215
  C:116FH         LINE#         216
  C:1173H         LINE#         217
  C:1175H         LINE#         218
  C:1179H         LINE#         219
  C:117DH         LINE#         220
  C:117FH         LINE#         221
  C:117FH         LINE#         222
  C:1186H         LINE#         225
  C:1189H         LINE#         226
  C:1189H         LINE#         227
  C:118CH         LINE#         228
  C:118EH         LINE#         229
  C:1190H         LINE#         230
  C:1193H         LINE#         231
  C:1193H         LINE#         232
  C:1196H         LINE#         233
  C:1198H         LINE#         234
  C:119AH         LINE#         235
  C:119DH         LINE#         236
  C:119DH         LINE#         237
  C:11A8H         LINE#         238
  C:11AAH         LINE#         239
  C:11ACH         LINE#         240
  C:11AFH         LINE#         241
  C:11AFH         LINE#         242
  C:11BAH         LINE#         243
  C:11BCH         LINE#         244
  C:11BEH         LINE#         245
  C:11C1H         LINE#         246
BL51 BANKED LINKER/LOCATER V5.12                                                      06/28/2018  21:43:43  PAGE 10


  C:11C1H         LINE#         253
  C:11C4H         LINE#         254
  C:11C4H         LINE#         258
  C:11C7H         LINE#         259
  C:11CCH         LINE#         260
  C:11CFH         LINE#         261
  C:11D1H         LINE#         262
  C:11D3H         LINE#         263
  C:11D6H         LINE#         264
  C:11D6H         LINE#         268
  C:11D9H         LINE#         269
  C:11DEH         LINE#         270
  C:11E1H         LINE#         271
  C:11E3H         LINE#         272
  C:11E5H         LINE#         273
  C:11E8H         LINE#         274
  C:11E8H         LINE#         278
  C:11EBH         LINE#         279
  C:11F0H         LINE#         280
  C:11F2H         LINE#         281
  C:11F2H         LINE#         282
  C:11F4H         LINE#         283
  C:11F7H         LINE#         284
  C:11F7H         LINE#         288
  C:11FAH         LINE#         289
  C:11FFH         LINE#         290
  C:1201H         LINE#         291
  C:1201H         LINE#         292
  C:1203H         LINE#         293
  C:1206H         LINE#         294
  C:1206H         LINE#         298
  C:1209H         LINE#         299
  C:120EH         LINE#         300
  C:1215H         LINE#         301
  C:1217H         LINE#         302
  C:121AH         LINE#         303
  C:1220H         LINE#         304
  C:1220H         LINE#         308
  C:1223H         LINE#         309
  C:1228H         LINE#         310
  C:122FH         LINE#         311
  C:1231H         LINE#         312
  C:1231H         LINE#         313
  C:1231H         LINE#         315
  -------         ENDPROC       MAIN
  -------         PROC          BEEP_PRO
  C:1CF9H         LINE#         318
  C:1CF9H         LINE#         319
  C:1CF9H         LINE#         320
  C:1CFEH         LINE#         321
  C:1D02H         LINE#         322
  -------         ENDPROC       BEEP_PRO
  -------         PROC          MENU_DISP
  -------         DO            
  D:0035H         SYMBOL        i
  -------         ENDDO         
  C:17BCH         LINE#         324
BL51 BANKED LINKER/LOCATER V5.12                                                      06/28/2018  21:43:43  PAGE 11


  C:17BCH         LINE#         325
  C:17BCH         LINE#         327
  C:17C3H         LINE#         328
  C:17C8H         LINE#         329
  C:17F9H         LINE#         330
  C:17FEH         LINE#         331
  C:1830H         LINE#         332
  -------         ENDPROC       MENU_DISP
  -------         PROC          HELP
  -------         DO            
  D:0017H         SYMBOL        i
  -------         ENDDO         
  C:1996H         LINE#         334
  C:1996H         LINE#         335
  C:1996H         LINE#         337
  C:199BH         LINE#         338
  C:19A7H         LINE#         339
  C:19B1H         LINE#         340
  C:19C7H         LINE#         341
  C:19CCH         LINE#         342
  C:19E2H         LINE#         343
  -------         ENDPROC       HELP
  -------         PROC          TIME_INC
  C:1C08H         LINE#         345
  C:1C08H         LINE#         346
  C:1C08H         LINE#         347
  C:1C0AH         LINE#         348
  C:1C11H         LINE#         349
  C:1C16H         LINE#         350
  C:1C1DH         LINE#         351
  C:1C22H         LINE#         352
  C:1C29H         LINE#         353
  C:1C2CH         LINE#         354
  -------         ENDPROC       TIME_INC
  -------         PROC          KEY_PRO
  -------         DO            
  D:0028H         SYMBOL        i
  -------         ENDDO         
  C:1831H         LINE#         358
  C:1831H         LINE#         359
  C:1831H         LINE#         361
  C:1834H         LINE#         362
  C:183BH         LINE#         363
  C:183EH         LINE#         364
  C:1847H         LINE#         365
  C:1847H         LINE#         366
  C:1847H         LINE#         368
  C:1847H         LINE#         369
  C:1847H         LINE#         371
  C:1847H         LINE#         372
  C:1847H         LINE#         373
  C:1853H         LINE#         374
  C:1858H         LINE#         375
  C:1860H         LINE#         376
  C:1860H         LINE#         377
  C:1862H         LINE#         378
  C:1863H         LINE#         380
BL51 BANKED LINKER/LOCATER V5.12                                                      06/28/2018  21:43:43  PAGE 12


  C:1863H         LINE#         381
  C:1865H         LINE#         382
  C:1865H         LINE#         383
  C:1866H         LINE#         385
  C:1866H         LINE#         386
  C:1872H         LINE#         387
  C:1877H         LINE#         388
  C:187FH         LINE#         389
  C:187FH         LINE#         390
  C:1883H         LINE#         391
  C:1885H         LINE#         392
  C:1886H         LINE#         394
  C:1886H         LINE#         395
  C:188CH         LINE#         396
  C:188EH         LINE#         397
  C:188EH         LINE#         398
  C:188EH         LINE#         399
  C:188EH         LINE#         401
  C:188EH         LINE#         402
  C:188EH         LINE#         404
  C:188EH         LINE#         405
  C:188EH         LINE#         406
  C:188EH         LINE#         407
  C:188EH         LINE#         408
  -------         ENDPROC       KEY_PRO
  -------         PROC          L?0183
  -------         ENDPROC       L?0183
  -------         PROC          _COUNTER_DISP
  D:0032H         SYMBOL        len
  D:0034H         SYMBOL        count
  -------         DO            
  D:0036H         SYMBOL        i
  -------         ENDDO         
  C:1748H         LINE#         411
  C:1750H         LINE#         412
  C:1750H         LINE#         414
  C:1755H         LINE#         415
  C:176BH         LINE#         416
  C:176BH         LINE#         417
  C:17B1H         LINE#         418
  C:17BBH         LINE#         419
  -------         ENDPROC       _COUNTER_DISP
  -------         PROC          ID_SHIFT
  -------         DO            
  D:0015H         SYMBOL        i
  D:0016H         SYMBOL        j
  -------         ENDDO         
  C:094CH         LINE#         421
  C:094CH         LINE#         422
  C:094CH         LINE#         424
  C:0951H         LINE#         425
  C:0954H         LINE#         426
  C:095BH         LINE#         427
  C:0961H         LINE#         428
  C:096BH         LINE#         429
  C:0974H         LINE#         430
  C:0977H         LINE#         431
BL51 BANKED LINKER/LOCATER V5.12                                                      06/28/2018  21:43:43  PAGE 13


  C:097EH         LINE#         432
  C:0984H         LINE#         433
  C:0989H         LINE#         434
  C:0993H         LINE#         435
  C:099AH         LINE#         436
  C:09A0H         LINE#         437
  C:09AAH         LINE#         438
  C:09AEH         LINE#         439
  C:09B1H         LINE#         440
  C:09B8H         LINE#         441
  C:09BEH         LINE#         442
  C:09C8H         LINE#         443
  C:09D1H         LINE#         444
  C:09DBH         LINE#         445
  C:09E2H         LINE#         446
  C:09E8H         LINE#         447
  C:09F2H         LINE#         448
  C:09F6H         LINE#         449
  C:09FDH         LINE#         450
  C:0A09H         LINE#         451
  C:0A09H         LINE#         452
  C:0A10H         LINE#         453
  C:0A16H         LINE#         454
  C:0A1BH         LINE#         455
  C:0A1EH         LINE#         456
  C:0A25H         LINE#         457
  C:0A2BH         LINE#         458
  C:0A30H         LINE#         459
  C:0A3AH         LINE#         460
  C:0A41H         LINE#         461
  C:0A47H         LINE#         462
  C:0A51H         LINE#         463
  C:0A55H         LINE#         464
  C:0A58H         LINE#         465
  C:0A5FH         LINE#         466
  C:0A65H         LINE#         467
  C:0A6FH         LINE#         468
  C:0A78H         LINE#         469
  C:0A82H         LINE#         470
  C:0A89H         LINE#         471
  C:0A8FH         LINE#         472
  C:0A99H         LINE#         473
  C:0A9DH         LINE#         474
  C:0AA4H         LINE#         475
  C:0AAAH         LINE#         476
  C:0AB6H         LINE#         477
  C:0ABDH         LINE#         478
  C:0AC2H         LINE#         479
  C:0AC5H         LINE#         480
  C:0ACCH         LINE#         481
  C:0AD2H         LINE#         482
  C:0ADCH         LINE#         483
  C:0AE5H         LINE#         484
  C:0AF2H         LINE#         485
  C:0AF9H         LINE#         486
  C:0AFCH         LINE#         487
  C:0B01H         LINE#         488
BL51 BANKED LINKER/LOCATER V5.12                                                      06/28/2018  21:43:43  PAGE 14


  C:0B0BH         LINE#         489
  C:0B12H         LINE#         490
  C:0B15H         LINE#         491
  C:0B1FH         LINE#         492
  C:0B23H         LINE#         493
  C:0B26H         LINE#         494
  C:0B2DH         LINE#         495
  C:0B30H         LINE#         496
  C:0B3AH         LINE#         497
  C:0B43H         LINE#         498
  C:0B4DH         LINE#         499
  C:0B54H         LINE#         500
  C:0B57H         LINE#         501
  C:0B61H         LINE#         502
  C:0B65H         LINE#         503
  C:0B6CH         LINE#         504
  C:0B6FH         LINE#         505
  C:0B74H         LINE#         506
  C:0B74H         LINE#         507
  -------         ENDPROC       ID_SHIFT
  -------         ENDMOD        CUT

  -------         MODULE        ADC
  C:0000H         SYMBOL        _ICE_DUMMY_
  D:0091H         PUBLIC        P1M0
  D:0092H         PUBLIC        P1M1
  D:0080H         PUBLIC        P0
  D:0090H         PUBLIC        P1
  D:00A0H         PUBLIC        P2
  D:00C0H         PUBLIC        XICON
  D:00B0H         PUBLIC        P3
  D:00E8H         PUBLIC        P4
  C:1943H         PUBLIC        ADC_HEX_DISPLAY
  D:00A8H         PUBLIC        IE
  D:00C6H         PUBLIC        ADCH
  D:00BEH         PUBLIC        ADCL
  D:00B8H         PUBLIC        IP
  D:00D8H         PUBLIC        CCON
  C:188FH         PUBLIC        V_ADC0
  D:005CH         PUBLIC        ADC16
  C:18E9H         PUBLIC        V_ADC5
  D:0098H         PUBLIC        SCON
  D:0088H         PUBLIC        TCON
  C:0B75H         PUBLIC        _HEX_to_DEC
  C:1D0DH         PUBLIC        Init_ADC
  D:008EH         PUBLIC        AUXR
  C:133EH         PUBLIC        _HEX_to_BIN
  C:071DH         PUBLIC        _HEX_to_VOL
  D:00C8H         PUBLIC        T2CON
  D:00C5H         PUBLIC        ADCTL
  C:1C2DH         PUBLIC        ADC_DEC_DISPLAY
  C:1BDEH         PUBLIC        _ADC_VOL_DISPLAY
  D:00D0H         PUBLIC        PSW
  C:1BACH         PUBLIC        ADC_BIN_DISPLAY
  -------         PROC          INIT_ADC
  C:1D0DH         LINE#         9
  C:1D0DH         LINE#         10
BL51 BANKED LINKER/LOCATER V5.12                                                      06/28/2018  21:43:43  PAGE 15


  C:1D0DH         LINE#         11
  C:1D13H         LINE#         12
  C:1D15H         LINE#         13
  -------         ENDPROC       INIT_ADC
  -------         PROC          V_ADC0
  -------         DO            
  D:0004H         SYMBOL        temp
  -------         ENDDO         
  C:188FH         LINE#         15
  C:188FH         LINE#         16
  C:188FH         LINE#         19
  C:1892H         LINE#         20
  C:1897H         LINE#         21
  C:189AH         LINE#         22
  C:18AEH         LINE#         24
  C:18B1H         LINE#         25
  C:18B6H         LINE#         26
  C:18B9H         LINE#         27
  C:18D6H         LINE#         29
  C:18E8H         LINE#         30
  -------         ENDPROC       V_ADC0
  -------         PROC          V_ADC5
  -------         DO            
  D:0004H         SYMBOL        temp
  -------         ENDDO         
  C:18E9H         LINE#         32
  C:18E9H         LINE#         33
  C:18E9H         LINE#         36
  C:18ECH         LINE#         37
  C:18F1H         LINE#         38
  C:18F4H         LINE#         39
  C:1908H         LINE#         41
  C:190BH         LINE#         42
  C:1910H         LINE#         43
  C:1913H         LINE#         44
  C:1930H         LINE#         46
  C:1942H         LINE#         47
  -------         ENDPROC       V_ADC5
  -------         PROC          ADC_HEX_DISPLAY
  -------         DO            
  D:0007H         SYMBOL        i
  D:005AH         SYMBOL        HEX
  -------         ENDDO         
  C:1943H         LINE#         49
  C:1943H         LINE#         50
  C:1943H         LINE#         54
  C:1949H         LINE#         55
  C:194CH         LINE#         56
  C:1955H         LINE#         57
  C:195CH         LINE#         59
  C:196CH         LINE#         60
  C:1975H         LINE#         61
  C:197CH         LINE#         62
  C:1981H         LINE#         63
  C:198AH         LINE#         64
  C:1991H         LINE#         65
  -------         ENDPROC       ADC_HEX_DISPLAY
BL51 BANKED LINKER/LOCATER V5.12                                                      06/28/2018  21:43:43  PAGE 16


  -------         PROC          ADC_DEC_DISPLAY
  -------         DO            
  D:0032H         SYMBOL        i
  D:0002H         SYMBOL        HEX
  -------         ENDDO         
  C:1C2DH         LINE#         68
  C:1C2DH         LINE#         69
  C:1C2DH         LINE#         73
  C:1C31H         LINE#         75
  C:1C4DH         LINE#         77
  -------         ENDPROC       ADC_DEC_DISPLAY
  -------         PROC          ADC_BIN_DISPLAY
  -------         DO            
  D:0007H         SYMBOL        i
  D:0032H         SYMBOL        HEX
  -------         ENDDO         
  C:1BACH         LINE#         81
  C:1BACH         LINE#         82
  C:1BACH         LINE#         86
  C:1BB2H         LINE#         87
  C:1BB5H         LINE#         88
  C:1BBAH         LINE#         90
  C:1BC7H         LINE#         91
  C:1BCAH         LINE#         93
  C:1BCCH         LINE#         94
  C:1BCFH         LINE#         96
  C:1BD4H         LINE#         97
  C:1BD9H         LINE#         98
  -------         ENDPROC       ADC_BIN_DISPLAY
  -------         PROC          L?0081
  -------         ENDPROC       L?0081
  -------         PROC          _HEX_TO_BIN
  D:0006H         SYMBOL        num
  -------         DO            
  D:0034H         SYMBOL        i
  -------         ENDDO         
  C:133EH         LINE#         101
  C:133EH         LINE#         102
  C:133EH         LINE#         104
  C:1384H         LINE#         105
  C:1384H         LINE#         106
  C:1384H         LINE#         107
  C:1386H         LINE#         108
  C:1386H         LINE#         109
  C:1386H         LINE#         110
  C:1386H         LINE#         111
  C:1388H         LINE#         112
  C:1388H         LINE#         113
  C:138AH         LINE#         114
  C:138AH         LINE#         115
  C:138AH         LINE#         116
  C:138AH         LINE#         117
  C:138CH         LINE#         118
  C:138CH         LINE#         119
  C:138EH         LINE#         120
  C:138EH         LINE#         121
  C:138EH         LINE#         122
BL51 BANKED LINKER/LOCATER V5.12                                                      06/28/2018  21:43:43  PAGE 17


  C:138EH         LINE#         123
  C:1390H         LINE#         124
  C:1390H         LINE#         125
  C:1392H         LINE#         126
  C:1392H         LINE#         127
  C:1392H         LINE#         128
  C:1392H         LINE#         129
  C:1394H         LINE#         130
  C:1394H         LINE#         131
  C:1396H         LINE#         132
  C:1396H         LINE#         133
  C:1396H         LINE#         134
  C:1396H         LINE#         135
  C:1398H         LINE#         136
  C:1398H         LINE#         137
  C:139AH         LINE#         138
  C:139AH         LINE#         139
  C:139AH         LINE#         140
  C:139AH         LINE#         141
  C:139CH         LINE#         142
  C:139CH         LINE#         143
  C:139EH         LINE#         144
  C:139EH         LINE#         145
  C:139EH         LINE#         146
  C:139EH         LINE#         147
  C:13A0H         LINE#         148
  C:13A0H         LINE#         149
  C:13A2H         LINE#         150
  C:13A2H         LINE#         151
  C:13A2H         LINE#         152
  C:13A2H         LINE#         153
  C:13A4H         LINE#         154
  C:13A4H         LINE#         155
  C:13A9H         LINE#         156
  C:13ABH         LINE#         157
  C:13ABH         LINE#         158
  C:13ABH         LINE#         159
  C:13ADH         LINE#         160
  C:13ADH         LINE#         161
  C:13B2H         LINE#         162
  C:13B4H         LINE#         163
  C:13B4H         LINE#         164
  C:13B4H         LINE#         165
  C:13B6H         LINE#         166
  C:13B6H         LINE#         167
  C:13BBH         LINE#         168
  C:13BDH         LINE#         169
  C:13BDH         LINE#         170
  C:13BDH         LINE#         171
  C:13BFH         LINE#         172
  C:13BFH         LINE#         173
  C:13C4H         LINE#         174
  C:13C6H         LINE#         175
  C:13C6H         LINE#         176
  C:13C6H         LINE#         177
  C:13C8H         LINE#         178
  C:13C8H         LINE#         179
BL51 BANKED LINKER/LOCATER V5.12                                                      06/28/2018  21:43:43  PAGE 18


  C:13CDH         LINE#         180
  C:13D2H         LINE#         181
  C:13D4H         LINE#         182
  C:13D4H         LINE#         183
  C:13D6H         LINE#         184
  C:13D6H         LINE#         185
  C:13DBH         LINE#         186
  C:13E0H         LINE#         187
  C:13E2H         LINE#         188
  C:13E2H         LINE#         189
  C:13E4H         LINE#         190
  C:13E4H         LINE#         191
  C:13E9H         LINE#         192
  C:13EEH         LINE#         193
  C:13F3H         LINE#         194
  C:13F5H         LINE#         195
  C:13F7H         LINE#         196
  C:13F7H         LINE#         197
  C:13FCH         LINE#         198
  C:1401H         LINE#         199
  C:1406H         LINE#         200
  C:140BH         LINE#         201
  C:140BH         LINE#         202
  C:140BH         LINE#         203
  -------         ENDPROC       _HEX_TO_BIN
  -------         PROC          _HEX_TO_DEC
  D:0006H         SYMBOL        fir
  D:0004H         SYMBOL        sec
  D:0002H         SYMBOL        thi
  -------         DO            
  D:0033H         SYMBOL        len
  D:0034H         SYMBOL        i
  D:0035H         SYMBOL        k
  D:0037H         SYMBOL        v1
  D:0006H         SYMBOL        v2
  D:0002H         SYMBOL        v3
  D:0039H         SYMBOL        tal
  -------         ENDDO         
  C:0B75H         LINE#         205
  C:0B75H         LINE#         206
  C:0B75H         LINE#         209
  C:0B7BH         LINE#         210
  C:0B89H         LINE#         211
  C:0B89H         LINE#         212
  C:0B98H         LINE#         213
  C:0BA3H         LINE#         214
  C:0BA3H         LINE#         215
  C:0BA6H         LINE#         216
  C:0BB3H         LINE#         217
  C:0BB3H         LINE#         218
  C:0BFDH         LINE#         219
  C:0C08H         LINE#         220
  C:0C13H         LINE#         221
  C:0C18H         LINE#         222
  C:0C1CH         LINE#         223
  C:0C1CH         LINE#         224
  C:0C2AH         LINE#         225
BL51 BANKED LINKER/LOCATER V5.12                                                      06/28/2018  21:43:43  PAGE 19


  C:0C2AH         LINE#         226
  C:0C2FH         LINE#         227
  C:0C32H         LINE#         228
  C:0C3FH         LINE#         229
  C:0C3FH         LINE#         230
  C:0C89H         LINE#         231
  C:0C94H         LINE#         232
  C:0C9FH         LINE#         233
  C:0CA4H         LINE#         234
  C:0CA8H         LINE#         235
  C:0CA8H         LINE#         236
  C:0CB6H         LINE#         237
  C:0CB6H         LINE#         238
  C:0CBBH         LINE#         239
  C:0CC0H         LINE#         240
  C:0CC3H         LINE#         241
  C:0CD0H         LINE#         242
  C:0CD0H         LINE#         243
  C:0D1AH         LINE#         244
  C:0D25H         LINE#         245
  C:0D30H         LINE#         246
  C:0D35H         LINE#         247
  C:0D39H         LINE#         248
  C:0D39H         LINE#         250
  C:0D39H         LINE#         251
  C:0D3EH         LINE#         252
  C:0D43H         LINE#         253
  C:0D48H         LINE#         254
  C:0D50H         LINE#         255
  C:0D50H         LINE#         256
  -------         ENDPROC       _HEX_TO_DEC
  -------         PROC          _HEX_TO_VOL
  D:0006H         SYMBOL        fir
  D:0004H         SYMBOL        sec
  D:0002H         SYMBOL        thi
  D:003AH         SYMBOL        sw
  -------         DO            
  D:003CH         SYMBOL        len
  D:003DH         SYMBOL        i
  D:003EH         SYMBOL        k
  D:0040H         SYMBOL        v1
  D:0006H         SYMBOL        v2
  D:0002H         SYMBOL        v3
  D:0042H         SYMBOL        kk
  -------         ENDDO         
  C:071DH         LINE#         258
  C:071DH         LINE#         259
  C:071DH         LINE#         262
  C:0723H         LINE#         263
  C:0731H         LINE#         264
  C:0731H         LINE#         265
  C:0746H         LINE#         266
  C:0751H         LINE#         267
  C:0751H         LINE#         268
  C:0766H         LINE#         269
  C:0778H         LINE#         270
  C:0789H         LINE#         271
BL51 BANKED LINKER/LOCATER V5.12                                                      06/28/2018  21:43:43  PAGE 20


  C:078EH         LINE#         272
  C:07B9H         LINE#         273
  C:07E3H         LINE#         274
  C:080CH         LINE#         275
  C:081EH         LINE#         276
  C:0821H         LINE#         278
  C:0829H         LINE#         279
  C:0829H         LINE#         280
  C:0838H         LINE#         281
  C:0843H         LINE#         282
  C:0851H         LINE#         283
  C:0856H         LINE#         284
  C:0875H         LINE#         285
  C:0894H         LINE#         286
  C:08A0H         LINE#         287
  C:08A3H         LINE#         288
  C:08ABH         LINE#         289
  C:08ABH         LINE#         290
  C:08BAH         LINE#         291
  C:08C5H         LINE#         292
  C:08D3H         LINE#         293
  C:08D8H         LINE#         294
  C:08F7H         LINE#         295
  C:0903H         LINE#         296
  C:0905H         LINE#         297
  C:090DH         LINE#         298
  C:090DH         LINE#         299
  C:091BH         LINE#         300
  C:0926H         LINE#         301
  C:0934H         LINE#         302
  C:0939H         LINE#         303
  C:094BH         LINE#         304
  C:094BH         LINE#         305
  -------         ENDPROC       _HEX_TO_VOL
  -------         PROC          _ADC_VOL_DISPLAY
  D:0032H         SYMBOL        sw
  -------         DO            
  D:0002H         SYMBOL        HEX
  -------         ENDDO         
  C:1BDEH         LINE#         307
  C:1BE2H         LINE#         308
  C:1BE2H         LINE#         310
  C:1BE6H         LINE#         312
  -------         ENDPROC       _ADC_VOL_DISPLAY
  -------         ENDMOD        ADC

  -------         MODULE        KEY
  C:0000H         SYMBOL        _ICE_DUMMY_
  D:0080H         PUBLIC        P0
  D:0090H         PUBLIC        P1
  D:00A0H         PUBLIC        P2
  D:00C0H         PUBLIC        XICON
  D:00B0H         PUBLIC        P3
  D:00E8H         PUBLIC        P4
  D:00A8H         PUBLIC        IE
  D:00B8H         PUBLIC        IP
  C:140CH         PUBLIC        SCAN_ON
BL51 BANKED LINKER/LOCATER V5.12                                                      06/28/2018  21:43:43  PAGE 21


  D:00D8H         PUBLIC        CCON
  D:0098H         PUBLIC        SCON
  D:0088H         PUBLIC        TCON
  C:0016H         PUBLIC        SCAN_OFF
  D:00C8H         PUBLIC        T2CON
  D:00D0H         PUBLIC        PSW
  -------         PROC          SCAN_ON
  C:140CH         LINE#         9
  C:140CH         LINE#         10
  C:140CH         LINE#         11
  C:1412H         LINE#         12
  C:1415H         LINE#         13
  C:1421H         LINE#         14
  C:142DH         LINE#         15
  C:1439H         LINE#         16
  C:1445H         LINE#         18
  C:1448H         LINE#         19
  C:1454H         LINE#         20
  C:1460H         LINE#         21
  C:146CH         LINE#         22
  C:1478H         LINE#         24
  C:147BH         LINE#         25
  C:1487H         LINE#         26
  C:1493H         LINE#         27
  C:149FH         LINE#         28
  C:14ABH         LINE#         30
  C:14AEH         LINE#         31
  C:14BAH         LINE#         32
  C:14C6H         LINE#         33
  C:14D2H         LINE#         34
  C:14DDH         LINE#         35
  -------         ENDPROC       SCAN_ON
  -------         PROC          SCAN_OFF
  -------         DO            
  C:0016H         SYMBOL        LOOP
  -------         ENDDO         
  C:0016H         LINE#         37
  C:0016H         LINE#         38
  C:0016H         LINE#         39
  C:0016H         LINE#         40
  C:0019H         LINE#         41
  C:001EH         LINE#         42
  C:0025H         LINE#         43
  C:002AH         LINE#         44
  -------         ENDPROC       SCAN_OFF
  -------         ENDMOD        KEY

  -------         MODULE        LCD
  C:0000H         SYMBOL        _ICE_DUMMY_
  D:0080H         PUBLIC        P0
  D:0090H         PUBLIC        P1
  D:00A0H         PUBLIC        P2
  D:00C0H         PUBLIC        XICON
  D:00B0H         PUBLIC        P3
  D:00E8H         PUBLIC        P4
  D:00A8H         PUBLIC        IE
  B:0080H.1       PUBLIC        EN
BL51 BANKED LINKER/LOCATER V5.12                                                      06/28/2018  21:43:43  PAGE 22


  D:00B8H         PUBLIC        IP
  C:1CC1H         PUBLIC        _DelayL
  D:00D8H         PUBLIC        CCON
  B:0080H.0       PUBLIC        RS
  C:1C91H         PUBLIC        _LCD_Cmd
  D:0098H         PUBLIC        SCON
  D:0088H         PUBLIC        TCON
  C:1B79H         PUBLIC        _Send_Data
  C:1CBEH         PUBLIC        _DLY
  C:1B3CH         PUBLIC        Init_LCD
  C:1AFFH         PUBLIC        _CGRAM
  C:1D03H         PUBLIC        _Delay
  D:0080H         PUBLIC        DATA_BUS
  D:00C8H         PUBLIC        T2CON
  C:1CEEH         PUBLIC        _LCD_CmdI
  D:00D0H         PUBLIC        PSW
  -------         PROC          _CGRAM
  D:0010H         SYMBOL        num
  D:0011H         SYMBOL        FONT
  -------         DO            
  D:0014H         SYMBOL        i
  -------         ENDDO         
  C:1AFFH         LINE#         7
  C:1B07H         LINE#         8
  C:1B07H         LINE#         10
  C:1B0CH         LINE#         11
  C:1B3BH         LINE#         12
  -------         ENDPROC       _CGRAM
  -------         PROC          INIT_LCD
  C:1B3CH         LINE#         14
  C:1B3CH         LINE#         15
  C:1B3CH         LINE#         16
  C:1B48H         LINE#         17
  C:1B54H         LINE#         18
  C:1B59H         LINE#         19
  C:1B5EH         LINE#         21
  C:1B63H         LINE#         22
  C:1B6FH         LINE#         23
  C:1B74H         LINE#         24
  -------         ENDPROC       INIT_LCD
  -------         PROC          _LCD_CMDI
  D:0007H         SYMBOL        Comm
  C:1CEEH         LINE#         27
  C:1CEEH         LINE#         28
  C:1CEEH         LINE#         29
  C:1CEFH         LINE#         30
  -------         ENDPROC       _LCD_CMDI
  -------         PROC          _LCD_CMD
  D:0038H         SYMBOL        Comm
  C:1C91H         LINE#         33
  C:1C93H         LINE#         34
  C:1C93H         LINE#         35
  C:1C95H         LINE#         36
  C:1C9FH         LINE#         37
  C:1CA4H         LINE#         38
  -------         ENDPROC       _LCD_CMD
  -------         PROC          _SEND_DATA
BL51 BANKED LINKER/LOCATER V5.12                                                      06/28/2018  21:43:43  PAGE 23


  D:0046H         SYMBOL        Data
  C:1B79H         LINE#         41
  C:1B7BH         LINE#         42
  C:1B7BH         LINE#         43
  C:1B87H         LINE#         44
  C:1B93H         LINE#         45
  C:1BA0H         LINE#         46
  -------         ENDPROC       _SEND_DATA
  -------         PROC          _DELAY
  D:0006H         SYMBOL        Del
  -------         DO            
  C:1D03H         SYMBOL        WAITD
  -------         ENDDO         
  C:1D03H         LINE#         49
  C:1D03H         LINE#         50
  C:1D03H         LINE#         51
  C:1D03H         LINE#         52
  C:1D08H         LINE#         53
  C:1D0CH         LINE#         54
  -------         ENDPROC       _DELAY
  C:1CB0H         SYMBOL        L?0021
  C:1CBAH         SYMBOL        L?0022
  -------         PROC          L?0020
  -------         ENDPROC       L?0020
  C:1CB0H         SYMBOL        L?0021
  C:1CBAH         SYMBOL        L?0022
  -------         PROC          _DLY
  D:0007H         SYMBOL        dly
  -------         DO            
  C:1CBEH         SYMBOL        WAITS
  -------         ENDDO         
  C:1CBEH         LINE#         56
  C:1CBEH         LINE#         57
  C:1CBEH         LINE#         58
  C:1CBEH         LINE#         59
  C:1CC0H         LINE#         60
  C:1CC0H         LINE#         61
  -------         ENDPROC       _DLY
  -------         PROC          _DELAYL
  D:0007H         SYMBOL        CNT
  -------         DO            
  D:0005H         SYMBOL        j
  -------         ENDDO         
  C:1CC1H         LINE#         63
  C:1CC1H         LINE#         64
  C:1CC1H         LINE#         66
  C:1CC9H         LINE#         67
  C:1CD3H         LINE#         68
  -------         ENDPROC       _DELAYL
  -------         ENDMOD        LCD

  -------         MODULE        ROT
  C:0000H         SYMBOL        _ICE_DUMMY_
  D:0080H         PUBLIC        P0
  D:0090H         PUBLIC        P1
  D:00A0H         PUBLIC        P2
  C:1C72H         PUBLIC        ROT_LEFT
BL51 BANKED LINKER/LOCATER V5.12                                                      06/28/2018  21:43:43  PAGE 24


  D:00C0H         PUBLIC        XICON
  D:00B0H         PUBLIC        P3
  D:00E8H         PUBLIC        P4
  D:00A8H         PUBLIC        IE
  D:00B8H         PUBLIC        IP
  D:005EH         PUBLIC        CCW_CNT
  D:00D8H         PUBLIC        CCON
  D:0098H         PUBLIC        SCON
  D:0088H         PUBLIC        TCON
  B:00B0H.6       PUBLIC        ROTA
  B:00B0H.7       PUBLIC        ROTB
  C:1C52H         PUBLIC        ROT_RIGHT
  C:14DEH         PUBLIC        _ROT_SCAN
  D:005FH         PUBLIC        CW_CNT
  D:00C8H         PUBLIC        T2CON
  D:00D0H         PUBLIC        PSW
  -------         PROC          _ROT_SCAN
  D:0032H         SYMBOL        DelN
  -------         DO            
  D:0007H         SYMBOL        j
  D:0006H         SYMBOL        k
  D:0034H         SYMBOL        NEW
  D:0007H         SYMBOL        ABTEMP
  C:14E2H         SYMBOL        WAITN
  -------         ENDDO         
  C:14DEH         LINE#         10
  C:14E2H         LINE#         11
  C:14E2H         LINE#         13
  C:14E2H         LINE#         14
  C:14EAH         LINE#         15
  C:14F8H         LINE#         16
  C:14FAH         LINE#         17
  C:14FCH         LINE#         18
  C:14FFH         LINE#         19
  C:1503H         LINE#         20
  C:1520H         LINE#         21
  C:1539H         LINE#         22
  C:153BH         LINE#         23
  C:153BH         LINE#         24
  C:1557H         LINE#         25
  C:1574H         LINE#         26
  C:1574H         LINE#         27
  C:1574H         LINE#         28
  C:157DH         LINE#         29
  -------         ENDPROC       _ROT_SCAN
  -------         PROC          ROT_LEFT
  C:1C72H         LINE#         31
  C:1C72H         LINE#         32
  C:1C72H         LINE#         33
  C:1C77H         LINE#         34
  C:1C7CH         LINE#         35
  C:1C7FH         LINE#         36
  C:1C88H         LINE#         37
  C:1C8AH         LINE#         38
  C:1C90H         LINE#         39
  C:1C90H         LINE#         40
  -------         ENDPROC       ROT_LEFT
BL51 BANKED LINKER/LOCATER V5.12                                                      06/28/2018  21:43:43  PAGE 25


  -------         PROC          ROT_RIGHT
  C:1C52H         LINE#         42
  C:1C52H         LINE#         43
  C:1C52H         LINE#         44
  C:1C57H         LINE#         45
  C:1C5CH         LINE#         46
  C:1C5FH         LINE#         47
  C:1C69H         LINE#         48
  C:1C6BH         LINE#         49
  C:1C71H         LINE#         50
  C:1C71H         LINE#         51
  -------         ENDPROC       ROT_RIGHT
  -------         ENDMOD        ROT

  -------         MODULE        COUNTER
  C:0000H         SYMBOL        _ICE_DUMMY_
  D:0080H         PUBLIC        P0
  D:0090H         PUBLIC        P1
  D:00A0H         PUBLIC        P2
  D:00C0H         PUBLIC        XICON
  D:00B0H         PUBLIC        P3
  D:00E8H         PUBLIC        P4
  C:1A2DH         PUBLIC        _UP_COUNTER
  D:00A8H         PUBLIC        IE
  D:00B8H         PUBLIC        IP
  C:1A74H         PUBLIC        _DOWN_COUNTER
  D:00D8H         PUBLIC        CCON
  D:0098H         PUBLIC        SCON
  D:0088H         PUBLIC        TCON
  D:00C8H         PUBLIC        T2CON
  D:00D0H         PUBLIC        PSW
  -------         PROC          _UP_COUNTER
  D:0001H         SYMBOL        count
  D:002DH         SYMBOL        min
  D:002FH         SYMBOL        max
  C:1A2DH         LINE#         8
  C:1A31H         LINE#         9
  C:1A31H         LINE#         10
  C:1A64H         LINE#         11
  C:1A64H         LINE#         12
  C:1A6CH         LINE#         13
  C:1A6CH         LINE#         15
  C:1A6CH         LINE#         16
  C:1A73H         LINE#         17
  C:1A73H         LINE#         18
  -------         ENDPROC       _UP_COUNTER
  -------         PROC          _DOWN_COUNTER
  D:0001H         SYMBOL        count
  D:002DH         SYMBOL        max
  D:002FH         SYMBOL        min
  C:1A74H         LINE#         20
  C:1A78H         LINE#         21
  C:1A78H         LINE#         22
  C:1AABH         LINE#         23
  C:1AABH         LINE#         24
  C:1AB3H         LINE#         25
  C:1AB3H         LINE#         27
BL51 BANKED LINKER/LOCATER V5.12                                                      06/28/2018  21:43:43  PAGE 26


  C:1AB3H         LINE#         28
  C:1ABAH         LINE#         29
  C:1ABAH         LINE#         30
  -------         ENDPROC       _DOWN_COUNTER
  -------         ENDMOD        COUNTER

  -------         MODULE        ?C?FPDIV
  C:0031H         PUBLIC        ?C?FPDIV
  -------         ENDMOD        ?C?FPDIV

  -------         MODULE        ?C?FCAST
  C:00D8H         PUBLIC        ?C?FCASTC
  C:00D3H         PUBLIC        ?C?FCASTI
  C:00CEH         PUBLIC        ?C?FCASTL
  -------         ENDMOD        ?C?FCAST

  -------         MODULE        ?C?CASTF
  C:010CH         PUBLIC        ?C?CASTF
  -------         ENDMOD        ?C?CASTF

  -------         MODULE        POW
  D:003BH         PUBLIC        ?_pow?BYTE
  C:1013H         PUBLIC        _pow
  -------         ENDMOD        POW

  -------         MODULE        ?C?CHKFLOAT
  C:018DH         PUBLIC        ?C?CHKFLOAT
  -------         ENDMOD        ?C?CHKFLOAT

  -------         MODULE        ?C?FPADD
  C:01AEH         PUBLIC        ?C?FPADD
  C:01AAH         PUBLIC        ?C?FPSUB
  -------         ENDMOD        ?C?FPADD

  -------         MODULE        ?C?FPMUL
  C:029FH         PUBLIC        ?C?FPMUL
  -------         ENDMOD        ?C?FPMUL

  -------         MODULE        ?C?FPCMP
  C:03A7H         PUBLIC        ?C?FPCMP
  C:03A5H         PUBLIC        ?C?FPCMP3
  -------         ENDMOD        ?C?FPCMP

  -------         MODULE        ?C?FPNEG
  C:0412H         PUBLIC        ?C?FPNEG
  -------         ENDMOD        ?C?FPNEG

  -------         MODULE        EXP
  C:1652H         PUBLIC        _EXP
  -------         ENDMOD        EXP

  -------         MODULE        LOG
  C:0F12H         PUBLIC        _LOG
  C:0F0EH         PUBLIC        _LOG10
  -------         ENDMOD        LOG

  -------         MODULE        ?C?CLDOPTR
BL51 BANKED LINKER/LOCATER V5.12                                                      06/28/2018  21:43:43  PAGE 27


  C:0470H         PUBLIC        ?C?CLDOPTR
  -------         ENDMOD        ?C?CLDOPTR

  -------         MODULE        ?C?IMUL
  C:049DH         PUBLIC        ?C?IMUL
  -------         ENDMOD        ?C?IMUL

  -------         MODULE        ?C?UIDIV
  C:04AFH         PUBLIC        ?C?UIDIV
  -------         ENDMOD        ?C?UIDIV

  -------         MODULE        ?C?SIDIV
  C:0504H         PUBLIC        ?C?SIDIV
  -------         ENDMOD        ?C?SIDIV

  -------         MODULE        ?C?ILDPTR
  C:053AH         PUBLIC        ?C?ILDPTR
  -------         ENDMOD        ?C?ILDPTR

  -------         MODULE        ?C?IILDPTR
  C:0565H         PUBLIC        ?C?IILDPTR
  -------         ENDMOD        ?C?IILDPTR

  -------         MODULE        ?C?ISTPTR
  C:059DH         PUBLIC        ?C?ISTPTR
  -------         ENDMOD        ?C?ISTPTR

  -------         MODULE        ?C?LMUL
  C:05BCH         PUBLIC        ?C?LMUL
  -------         ENDMOD        ?C?LMUL

  -------         MODULE        ?C?SLDIV
  C:1ABBH         PUBLIC        ?C?SLDIV
  -------         ENDMOD        ?C?SLDIV

  -------         MODULE        ?C?LNEG
  C:060BH         PUBLIC        ?C?LNEG
  -------         ENDMOD        ?C?LNEG

  -------         MODULE        ?C?LLDCODE
  C:0619H         PUBLIC        ?C?LLDCODE
  -------         ENDMOD        ?C?LLDCODE

  -------         MODULE        ?C?LLDCODE0
  C:0629H         PUBLIC        ?C?LLDCODE0
  -------         ENDMOD        ?C?LLDCODE0

  -------         MODULE        ?C?IILDX
  C:0639H         PUBLIC        ?C?IILDX
  -------         ENDMOD        ?C?IILDX

  -------         MODULE        ?C?ULDIV
  C:068BH         PUBLIC        ?C?ULDIV
  -------         ENDMOD        ?C?ULDIV

*** WARNING L16: UNCALLED SEGMENT, IGNORED FOR OVERLAY PROCESS
    SEGMENT: ?PR?HELP?CUT
BL51 BANKED LINKER/LOCATER V5.12                                                      06/28/2018  21:43:43  PAGE 28



*** WARNING L16: UNCALLED SEGMENT, IGNORED FOR OVERLAY PROCESS
    SEGMENT: ?PR?ID_SHIFT?CUT

*** WARNING L16: UNCALLED SEGMENT, IGNORED FOR OVERLAY PROCESS
    SEGMENT: ?PR?INIT_ADC?ADC

*** WARNING L16: UNCALLED SEGMENT, IGNORED FOR OVERLAY PROCESS
    SEGMENT: ?PR?V_ADC0?ADC

*** WARNING L16: UNCALLED SEGMENT, IGNORED FOR OVERLAY PROCESS
    SEGMENT: ?PR?ADC_HEX_DISPLAY?ADC

*** WARNING L16: UNCALLED SEGMENT, IGNORED FOR OVERLAY PROCESS
    SEGMENT: ?PR?_CGRAM?LCD

*** WARNING L16: UNCALLED SEGMENT, IGNORED FOR OVERLAY PROCESS
    SEGMENT: ?PR?_DELAYL?LCD

*** WARNING L15: MULTIPLE CALL TO SEGMENT
    SEGMENT: ?PR?_LCD_CMD?LCD
    CALLER1: ?PR?ROTP_INT?CUT
    CALLER2: ?PR?KEY_INT?CUT

*** WARNING L15: MULTIPLE CALL TO SEGMENT
    SEGMENT: ?PR?_LCD_CMD?LCD
    CALLER1: ?PR?KEY_INT?CUT
    CALLER2: ?C_C51STARTUP

*** WARNING L15: MULTIPLE CALL TO SEGMENT
    SEGMENT: ?PR?_SEND_DATA?LCD
    CALLER1: ?PR?ROTP_INT?CUT
    CALLER2: ?C_C51STARTUP

Program Size: data=96.1 xdata=0 code=7436
LINK/LOCATE RUN COMPLETE.  10 WARNING(S),  0 ERROR(S)
