C51 COMPILER V7.50   LCD                                                                   06/28/2018 21:43:43 PAGE 1   


C51 COMPILER V7.50, COMPILATION OF MODULE LCD
OBJECT MODULE PLACED IN LCD.OBJ
COMPILER INVOKED BY: D:\Keil\C51\BIN\C51.EXE LCD.c BROWSE DEBUG OBJECTEXTEND TABS(3)

line level    source

   1          /*******************************************
   2                9A417018
   3          *******************************************/
   4          
   5          #include "MAIN.H"
   6          
   7          void CGRAM(uchar num , uchar FONT[]) 
   8          {
   9   1         uchar i;
  10   1         LCD_Cmd(0x40);           // CGRAM位址設定 
  11   1         for (i=0; i<num*8; i++) Send_Data(FONT[i]);
  12   1      }
  13          
  14          void Init_LCD(void) // LCD的啟始程式  
  15          {
  16   1         LCD_CmdI(0x30); Delay(5000);  
  17   1         LCD_CmdI(0x30); Delay(200);
  18   1         LCD_CmdI(0x30);  
  19   1         LCD_CmdI(0x20);  
  20   1      
  21   1         LCD_Cmd(0x28);    
  22   1         LCD_Cmd(1); Delay(5000);
  23   1         LCD_Cmd(0x0C);  
  24   1         LCD_Cmd(6);         
  25   1      }
  26          
  27          void LCD_CmdI(uchar Comm) //傳送命令到LCD
  28          {
  29   1         DATA_BUS=(DATA_BUS&0x0C)|(Comm&0xF3); 
  30   1         RS=0; EN=1; DLY(100); EN=0; DLY(100);   
  31   1      }
  32          
  33          void LCD_Cmd(uchar Comm) //傳送命令到LCD
  34          {
  35   1         DATA_BUS=(DATA_BUS&0x0C)|(Comm&0xF3);  
  36   1         RS=0; EN=1; DLY(100); EN=0; DLY(100); 
  37   1         DATA_BUS=(DATA_BUS&0x0C)|((Comm<<4)&0xF3);
  38   1         RS=0; EN=1; DLY(100); EN=0; DLY(100);  
  39   1      }
  40          
  41          void Send_Data(uchar Data)  //傳送資料到LCD
  42          {
  43   1         DATA_BUS=(DATA_BUS&0x0C)|(Data&0xF3);   
  44   1         RS=1; EN=1; DLY(100); EN=0; DLY(100); 
  45   1         DATA_BUS=(DATA_BUS&0x0C)|((Data<<4)&0xF3); 
  46   1         RS=1; EN=1; DLY(100); EN=0; DLY(100);   
  47   1      }
  48          
  49          void Delay(uint Del)       
  50          {
  51   1        WAITD:    
  52   1         Del--;   
  53   1         if (Del!=0) goto WAITD; 
  54   1      }
  55          
C51 COMPILER V7.50   LCD                                                                   06/28/2018 21:43:43 PAGE 2   

  56          void DLY(uchar dly)       
  57          {
  58   1        WAITS:    
  59   1         dly--;   
  60   1         if (dly!=0) goto WAITS; 
  61   1      }
  62          
  63          void DelayL(uchar CNT)
  64          {
  65   1         uchar j;
  66   1         for (j=CNT; j>0; j--) 
  67   1            Delay(65000);
  68   1      }
  69          
  70          
  71          


MODULE INFORMATION:   STATIC OVERLAYABLE
   CODE SIZE        =    261    ----
   CONSTANT SIZE    =   ----    ----
   XDATA SIZE       =   ----    ----
   PDATA SIZE       =   ----    ----
   DATA SIZE        =   ----       7
   IDATA SIZE       =   ----    ----
   BIT SIZE         =   ----    ----
END OF MODULE INFORMATION.


C51 COMPILATION COMPLETE.  0 WARNING(S),  0 ERROR(S)
