BL51 BANKED LINKER/LOCATER V5.12                                                        06/20/2018  01:44:18  PAGE 1


BL51 BANKED LINKER/LOCATER V5.12, INVOKED BY:
D:\KEIL\C51\BIN\BL51.EXE cut.obj, ADC.obj, KEY.obj, LCD.obj, ROT.obj, COUNTER.obj TO cut RAMSIZE (256)


MEMORY MODEL: SMALL WITH FLOATING POINT ARITHMETIC


INPUT MODULES INCLUDED:
  cut.obj (CUT)
  ADC.obj (ADC)
  KEY.obj (KEY)
  LCD.obj (LCD)
  ROT.obj (ROT)
  COUNTER.obj (COUNTER)
  D:\KEIL\C51\LIB\C51FPS.LIB (?C?FPDIV)
  D:\KEIL\C51\LIB\C51FPS.LIB (?C?FCAST)
  D:\KEIL\C51\LIB\C51FPS.LIB (?C?CASTF)
  D:\KEIL\C51\LIB\C51FPS.LIB (POW)
  D:\KEIL\C51\LIB\C51FPS.LIB (?C?FPGETOPN)
  D:\KEIL\C51\LIB\C51FPS.LIB (?C?CHKFLOAT)
  D:\KEIL\C51\LIB\C51FPS.LIB (?C?FPADD)
  D:\KEIL\C51\LIB\C51FPS.LIB (?C?FPMUL)
  D:\KEIL\C51\LIB\C51FPS.LIB (?C?FPCMP)
  D:\KEIL\C51\LIB\C51FPS.LIB (?C?FPNEG)
  D:\KEIL\C51\LIB\C51FPS.LIB (EXP)
  D:\KEIL\C51\LIB\C51FPS.LIB (LOG)
  D:\KEIL\C51\LIB\C51FPS.LIB (?C?FPSERIES)
  D:\KEIL\C51\LIB\C51S.LIB (?C_STARTUP)
  D:\KEIL\C51\LIB\C51S.LIB (?C?CLDOPTR)
  D:\KEIL\C51\LIB\C51S.LIB (?C?UIDIV)
  D:\KEIL\C51\LIB\C51S.LIB (?C?ILDOPTR)
  D:\KEIL\C51\LIB\C51S.LIB (?C?IILDOPTR)
  D:\KEIL\C51\LIB\C51S.LIB (?C?ISTOPTR)
  D:\KEIL\C51\LIB\C51S.LIB (?C?LNEG)
  D:\KEIL\C51\LIB\C51S.LIB (?C?LLDCODE)
  D:\KEIL\C51\LIB\C51S.LIB (?C?LLDCODE0)
  D:\KEIL\C51\LIB\C51S.LIB (?C?IILDX)


LINK MAP OF MODULE:  cut (CUT)


            TYPE    BASE      LENGTH    RELOCATION   SEGMENT NAME
            -----------------------------------------------------

            * * * * * * *   D A T A   M E M O R Y   * * * * * * *
            REG     0000H     0008H     ABSOLUTE     "REG BANK 0"
            REG     0008H     0008H     ABSOLUTE     "REG BANK 1"
            DATA    0010H     0008H     UNIT         ?DT?_HEX_TO_DEC?ADC
            REG     0018H     0008H     ABSOLUTE     "REG BANK 3"
            DATA    0020H     0004H     BIT_ADDR     ?BA?CUT
            BIT     0024H.0   0000H.1   UNIT         ?BI?LOG?LOG
                    0024H.1   0000H.7                *** GAP ***
            DATA    0025H     001DH     UNIT         ?DT?CUT
            DATA    0042H     0018H     UNIT         _DATA_GROUP_
            DATA    005AH     000AH     UNIT         ?DT?_POW?POW
            DATA    0064H     0005H     UNIT         ?DT?_CGRAM?LCD
            DATA    0069H     0004H     UNIT         ?DT?LOG?LOG
BL51 BANKED LINKER/LOCATER V5.12                                                      06/20/2018  01:44:18  PAGE 2


            DATA    006DH     0002H     UNIT         ?DT?ADC_HEX_DISPLAY?ADC
            DATA    006FH     0002H     UNIT         ?DT?ADC_BIN_DISPLAY?ADC
            DATA    0071H     0002H     UNIT         ?DT?_HEX_TO_BIN?ADC
            DATA    0073H     0002H     UNIT         ?DT?ADC
            DATA    0075H     0002H     UNIT         ?DT?ROT
            DATA    0077H     0001H     UNIT         ?DT?HELP?CUT
            DATA    0078H     0001H     UNIT         ?DT?ADC_DEC_DISPLAY?ADC
            IDATA   0079H     0001H     UNIT         ?STACK

            * * * * * * *   C O D E   M E M O R Y   * * * * * * *
            CODE    0000H     0003H     ABSOLUTE     
            CODE    0003H     0003H     ABSOLUTE     
                    0006H     0005H                  *** GAP ***
            CODE    000BH     0003H     ABSOLUTE     
                    000EH     0005H                  *** GAP ***
            CODE    0013H     0003H     ABSOLUTE     
            CODE    0016H     0015H     UNIT         ?PR?SCAN_OFF?KEY
            CODE    002BH     0003H     ABSOLUTE     
            CODE    002EH     05BAH     UNIT         ?C?LIB_CODE
            CODE    05E8H     0229H     UNIT         ?PR?ID_SHIFT?CUT
            CODE    0811H     01DCH     UNIT         ?PR?_HEX_TO_DEC?ADC
            CODE    09EDH     0135H     UNIT         ?PR?LOG?LOG
            CODE    0B22H     011BH     UNIT         ?PR?_UP_COUNTER?CUT
            CODE    0C3DH     011BH     UNIT         ?PR?_DOWN_COUNTER?CUT
            CODE    0D58H     0117H     UNIT         ?PR?_POW?POW
            CODE    0E6FH     00E5H     UNIT         ?CO?CUT
            CODE    0F54H     00D3H     UNIT         ?PR?_HEX_TO_BIN?ADC
            CODE    1027H     00D2H     UNIT         ?PR?SCAN_ON?KEY
            CODE    10F9H     00ADH     UNIT         ?PR?MAIN?CUT
            CODE    11A6H     00A0H     UNIT         ?PR?_ROT_SCAN?ROT
            CODE    1246H     009AH     UNIT         ?PR?EXP?EXP
            CODE    12E0H     0097H     UNIT         ?PR?_DOWN_CARRY?COUNTER
            CODE    1377H     0093H     UNIT         ?PR?_UP_CARRY?COUNTER
            CODE    140AH     0092H     UNIT         ?PR?TIME_DISP?CUT
            CODE    149CH     0075H     UNIT         ?PR?MENU_DISP?CUT
            CODE    1511H     0071H     UNIT         ?PR?ROTP_INT?CUT
            CODE    1582H     005AH     UNIT         ?PR?V_ADC0?ADC
            CODE    15DCH     005AH     UNIT         ?PR?V_ADC5?ADC
            CODE    1636H     0053H     UNIT         ?PR?ADC_HEX_DISPLAY?ADC
            CODE    1689H     004DH     UNIT         ?PR?HELP?CUT
            CODE    16D6H     004AH     UNIT         ?PR?KEY_INT?CUT
            CODE    1720H     004AH     UNIT         ?PR?KEY_PRO?CUT
            CODE    176AH     0044H     UNIT         ?PR?T2_INT?CUT
            CODE    17AEH     003DH     UNIT         ?PR?_CGRAM?LCD
            CODE    17EBH     003DH     UNIT         ?PR?INIT_LCD?LCD
            CODE    1828H     0033H     UNIT         ?PR?_SEND_DATA?LCD
            CODE    185BH     0028H     UNIT         ?PR?ADC_BIN_DISPLAY?ADC
            CODE    1883H     0025H     UNIT         ?PR?TIME_INC?CUT
            CODE    18A8H     0025H     UNIT         ?PR?ADC_DEC_DISPLAY?ADC
            CODE    18CDH     0020H     UNIT         ?PR?ROT_RIGHT?ROT
            CODE    18EDH     001FH     UNIT         ?PR?ROT_LEFT?ROT
            CODE    190CH     001DH     UNIT         ?PR?_LCD_CMD?LCD
            CODE    1929H     001CH     UNIT         ?PR?_CALL_UP?COUNTER
            CODE    1945H     001CH     UNIT         ?PR?_CALL_DOWN?COUNTER
            CODE    1961H     0013H     UNIT         ?PR?_DLY?LCD
            CODE    1974H     0013H     UNIT         ?PR?_DELAYL?LCD
            CODE    1987H     000DH     UNIT         ?PR?T0_INT?CUT
BL51 BANKED LINKER/LOCATER V5.12                                                      06/20/2018  01:44:18  PAGE 3


            CODE    1994H     000CH     UNIT         ?C_C51STARTUP
            CODE    19A0H     000BH     UNIT         ?PR?_LCD_CMDI?LCD
            CODE    19ABH     000AH     UNIT         ?PR?BEEP_PRO?CUT
            CODE    19B5H     000AH     UNIT         ?PR?_DELAY?LCD
            CODE    19BFH     0009H     UNIT         ?PR?INIT_ADC?ADC



OVERLAY MAP OF MODULE:   cut (CUT)


SEGMENT                           DATA_GROUP 
  +--> CALLED SEGMENT           START    LENGTH
-----------------------------------------------
?PR?ROTP_INT?CUT                -----    -----
  +--> ?PR?BEEP_PRO?CUT
  +--> ?PR?_LCD_CMD?LCD
  +--> ?PR?_DELAY?LCD

?PR?_LCD_CMD?LCD                0059H    0001H
  +--> ?PR?_DLY?LCD

*** NEW ROOT ***************************************************

?PR?KEY_INT?CUT                 0043H    0001H
  +--> ?PR?SCAN_ON?KEY
  +--> ?PR?_DELAY?LCD
  +--> ?PR?SCAN_OFF?KEY
  +--> ?PR?KEY_PRO?CUT

?PR?SCAN_OFF?KEY                -----    -----
  +--> ?PR?_DELAY?LCD

?PR?KEY_PRO?CUT                 0044H    0001H
  +--> ?PR?BEEP_PRO?CUT
  +--> ?PR?_LCD_CMD?LCD
  +--> ?PR?_DELAY?LCD
  +--> ?CO?CUT
  +--> ?PR?_SEND_DATA?LCD
  +--> ?PR?TIME_DISP?CUT

?PR?_SEND_DATA?LCD              0059H    0001H
  +--> ?PR?_DLY?LCD

?PR?TIME_DISP?CUT               0045H    0001H
  +--> ?PR?_LCD_CMD?LCD
  +--> ?PR?_SEND_DATA?LCD

*** NEW ROOT ***************************************************

?PR?T2_INT?CUT                  -----    -----
  +--> ?PR?TIME_INC?CUT

*** NEW ROOT ***************************************************

?C_C51STARTUP                   -----    -----
  +--> ?PR?MAIN?CUT
BL51 BANKED LINKER/LOCATER V5.12                                                      06/20/2018  01:44:18  PAGE 4



?PR?MAIN?CUT                    0047H    0001H
  +--> ?PR?INIT_LCD?LCD
  +--> ?PR?MENU_DISP?CUT
  +--> ?PR?_ROT_SCAN?ROT
  +--> ?PR?ID_SHIFT?CUT
  +--> ?PR?_UP_COUNTER?CUT
  +--> ?PR?_DOWN_COUNTER?CUT

?PR?INIT_LCD?LCD                -----    -----
  +--> ?PR?_LCD_CMDI?LCD
  +--> ?PR?_DELAY?LCD
  +--> ?PR?_LCD_CMD?LCD

?PR?_LCD_CMDI?LCD               -----    -----
  +--> ?PR?_DLY?LCD

?PR?MENU_DISP?CUT               0058H    0001H
  +--> ?PR?_LCD_CMD?LCD
  +--> ?CO?CUT
  +--> ?PR?_SEND_DATA?LCD

?PR?_ROT_SCAN?ROT               0055H    0003H
  +--> ?PR?ROT_RIGHT?ROT
  +--> ?PR?ROT_LEFT?ROT

?PR?ROT_RIGHT?ROT               -----    -----
  +--> ?PR?BEEP_PRO?CUT
  +--> ?PR?MENU_DISP?CUT

?PR?ROT_LEFT?ROT                -----    -----
  +--> ?PR?BEEP_PRO?CUT
  +--> ?PR?MENU_DISP?CUT

?PR?ID_SHIFT?CUT                0048H    0002H
  +--> ?PR?_LCD_CMD?LCD
  +--> ?PR?_ROT_SCAN?ROT
  +--> ?CO?CUT
  +--> ?PR?_SEND_DATA?LCD

?PR?_UP_COUNTER?CUT             0048H    000DH
  +--> ?PR?_LCD_CMD?LCD
  +--> ?PR?_ROT_SCAN?ROT
  +--> ?PR?_CALL_UP?COUNTER
  +--> ?PR?_SEND_DATA?LCD

?PR?_CALL_UP?COUNTER            -----    -----
  +--> ?PR?_UP_CARRY?COUNTER

?PR?_UP_CARRY?COUNTER           0055H    0005H

?PR?_DOWN_COUNTER?CUT           0048H    000DH
  +--> ?PR?_LCD_CMD?LCD
  +--> ?PR?_ROT_SCAN?ROT
  +--> ?PR?_CALL_DOWN?COUNTER
  +--> ?PR?_SEND_DATA?LCD

BL51 BANKED LINKER/LOCATER V5.12                                                      06/20/2018  01:44:18  PAGE 5


?PR?_CALL_DOWN?COUNTER          -----    -----
  +--> ?PR?_DOWN_CARRY?COUNTER

?PR?_DOWN_CARRY?COUNTER         0055H    0005H



SYMBOL TABLE OF MODULE:  cut (CUT)

  VALUE           TYPE          NAME
  ----------------------------------

  -------         MODULE        CUT
  C:0000H         SYMBOL        _ICE_DUMMY_
  D:0080H         PUBLIC        P0
  D:0090H         PUBLIC        P1
  D:00A0H         PUBLIC        P2
  B:0020H.0       PUBLIC        BE_FLAG
  D:00C0H         PUBLIC        XICON
  D:00B0H         PUBLIC        P3
  D:00E8H         PUBLIC        P4
  B:00A8H.7       PUBLIC        EA
  D:0025H         PUBLIC        B_CNT
  C:0B22H         PUBLIC        _UP_COUNTER
  D:00A8H         PUBLIC        IE
  B:0021H.2       PUBLIC        ADC_HEX
  B:0080H.1       PUBLIC        EN
  C:1511H         PUBLIC        ROTP_INT
  C:0E80H         PUBLIC        STUDENT_ID
  D:00B8H         PUBLIC        IP
  D:0026H         PUBLIC        LCD_CNT
  B:0022H.1       PUBLIC        UP_ABLE
  C:0C3DH         PUBLIC        _DOWN_COUNTER
  B:00B0H.4       PUBLIC        BEEP
  B:0022H.0       PUBLIC        UP_FLAG
  D:00CBH         PUBLIC        RCAP2H
  D:00D8H         PUBLIC        CCON
  C:10F9H         PUBLIC        MAIN
  D:00CAH         PUBLIC        RCAP2L
  C:0EF9H         PUBLIC        MSGA
  C:0F0AH         PUBLIC        MSGB
  C:1689H         PUBLIC        HELP
  C:0F1BH         PUBLIC        MSGC
  D:0027H         PUBLIC        count
  C:0F20H         PUBLIC        MSGD
  C:0F2BH         PUBLIC        MSGE
  D:0039H         PUBLIC        MENUPTR
  B:0022H.3       PUBLIC        DOWN_ABLE
  D:0098H         PUBLIC        SCON
  B:0022H.2       PUBLIC        DOWN_FLAG
  D:0089H         PUBLIC        TMOD
  D:0088H         PUBLIC        TCON
  C:16D6H         PUBLIC        KEY_INT
  B:00B0H.6       PUBLIC        ROTA
  C:0F3CH         PUBLIC        FONT
  B:00B0H.7       PUBLIC        ROTB
  B:0023H.2       PUBLIC        Stu_FLAG
BL51 BANKED LINKER/LOCATER V5.12                                                      06/20/2018  01:44:18  PAGE 6


  C:1720H         PUBLIC        KEY_PRO
  D:003AH         PUBLIC        SECOND
  B:0021H.1       PUBLIC        ADC_ABLE
  D:003BH         PUBLIC        ONESEC
  D:003CH         PUBLIC        HOUR
  C:140AH         PUBLIC        TIME_DISP
  B:0021H.0       PUBLIC        ADC_FLAG
  B:00B0H.2       PUBLIC        ROTP
  C:149CH         PUBLIC        MENU_DISP
  B:0023H.1       PUBLIC        T_ABLE
  B:00A8H.1       PUBLIC        ET0
  B:00A8H.5       PUBLIC        ET2
  B:00C8H.7       PUBLIC        TF2
  D:008CH         PUBLIC        TH0
  B:00A8H.0       PUBLIC        EX0
  B:0088H.0       PUBLIC        IT0
  D:00CDH         PUBLIC        TH2
  B:00A8H.2       PUBLIC        EX1
  B:0023H.0       PUBLIC        T_FLAG
  C:1987H         PUBLIC        T0_INT
  D:008AH         PUBLIC        TL0
  C:176AH         PUBLIC        T2_INT
  D:00CCH         PUBLIC        TL2
  B:00B8H.1       PUBLIC        PT0
  B:00B8H.5       PUBLIC        PT2
  B:0088H.4       PUBLIC        TR0
  B:00C8H.2       PUBLIC        TR2
  D:003DH         PUBLIC        SEC
  D:003EH         PUBLIC        OLD
  D:003FH         PUBLIC        K_TEMP
  D:0040H         PUBLIC        MIN
  D:0023H         PUBLIC        f
  D:0021H         PUBLIC        g
  D:0020H         PUBLIC        h
  D:0041H         PUBLIC        KEY_NO
  C:0E89H         PUBLIC        MSG
  D:00C8H         PUBLIC        T2CON
  C:1883H         PUBLIC        TIME_INC
  C:0E6FH         PUBLIC        SPACE
  C:05E8H         PUBLIC        ID_Shift
  C:19ABH         PUBLIC        BEEP_PRO
  D:0022H         PUBLIC        q
  D:00D0H         PUBLIC        PSW
  -------         PROC          ROTP_INT
  C:1511H         LINE#         66
  C:151EH         LINE#         69
  C:1521H         LINE#         70
  C:152AH         LINE#         71
  C:1537H         LINE#         72
  C:1537H         LINE#         73
  C:1543H         LINE#         74
  C:1548H         LINE#         75
  C:154AH         LINE#         76
  C:154CH         LINE#         77
  C:154CH         LINE#         78
  C:154CH         LINE#         79
  C:154CH         LINE#         80
BL51 BANKED LINKER/LOCATER V5.12                                                      06/20/2018  01:44:18  PAGE 7


  C:1558H         LINE#         81
  C:155DH         LINE#         83
  C:155FH         LINE#         84
  C:1561H         LINE#         85
  C:1561H         LINE#         86
  C:156DH         LINE#         87
  C:1572H         LINE#         89
  C:1574H         LINE#         90
  C:1574H         LINE#         91
  C:1574H         LINE#         92
  C:1574H         LINE#         93
  C:1574H         LINE#         94
  C:1574H         LINE#         95
  C:1574H         LINE#         96
  C:1574H         LINE#         97
  C:1574H         LINE#         98
  C:1574H         LINE#         99
  C:1574H         LINE#         100
  C:1577H         LINE#         101
  -------         ENDPROC       ROTP_INT
  -------         PROC          T0_INT
  C:1987H         LINE#         103
  C:1987H         LINE#         105
  C:198AH         LINE#         106
  C:198DH         LINE#         107
  C:1993H         LINE#         108
  C:1993H         LINE#         109
  -------         ENDPROC       T0_INT
  -------         PROC          KEY_INT
  -------         DO            
  D:0043H         SYMBOL        COD_TMP
  -------         ENDDO         
  C:16D6H         LINE#         111
  C:16E3H         LINE#         114
  C:16E6H         LINE#         115
  C:16EDH         LINE#         116
  C:16F0H         LINE#         117
  C:16F7H         LINE#         118
  C:16FAH         LINE#         119
  C:1701H         LINE#         120
  C:170FH         LINE#         121
  C:1712H         LINE#         122
  C:1715H         LINE#         123
  -------         ENDPROC       KEY_INT
  -------         PROC          T2_INT
  C:176AH         LINE#         125
  C:1777H         LINE#         127
  C:1779H         LINE#         128
  C:177BH         LINE#         129
  C:1782H         LINE#         130
  C:1785H         LINE#         132
  C:178AH         LINE#         133
  C:178FH         LINE#         134
  C:1791H         LINE#         135
  C:1798H         LINE#         136
  C:179EH         LINE#         137
  C:17A3H         LINE#         138
BL51 BANKED LINKER/LOCATER V5.12                                                      06/20/2018  01:44:18  PAGE 8


  -------         ENDPROC       T2_INT
  -------         PROC          MAIN
  -------         DO            
  D:0047H         SYMBOL        i
  D:0007H         SYMBOL        j
  D:0006H         SYMBOL        k
  -------         ENDDO         
  C:10F9H         LINE#         140
  C:10F9H         LINE#         141
  C:10F9H         LINE#         143
  C:1102H         LINE#         144
  C:1109H         LINE#         145
  C:110CH         LINE#         146
  C:110FH         LINE#         147
  C:1111H         LINE#         150
  C:1118H         LINE#         151
  C:111DH         LINE#         153
  C:1120H         LINE#         154
  C:112EH         LINE#         155
  C:1134H         LINE#         156
  C:113BH         LINE#         157
  C:113EH         LINE#         158
  C:1142H         LINE#         159
  C:1144H         LINE#         160
  C:1148H         LINE#         161
  C:114CH         LINE#         162
  C:114EH         LINE#         163
  C:114EH         LINE#         164
  C:1155H         LINE#         165
  C:1158H         LINE#         166
  C:1158H         LINE#         167
  C:115BH         LINE#         168
  C:115DH         LINE#         169
  C:1160H         LINE#         170
  C:1160H         LINE#         171
  C:1175H         LINE#         172
  C:117FH         LINE#         174
  C:1181H         LINE#         175
  C:1184H         LINE#         176
  C:1184H         LINE#         177
  C:119AH         LINE#         178
  C:11A4H         LINE#         180
  C:11A4H         LINE#         181
  -------         ENDPROC       MAIN
  -------         PROC          BEEP_PRO
  C:19ABH         LINE#         184
  C:19ABH         LINE#         185
  C:19ABH         LINE#         186
  C:19B0H         LINE#         187
  C:19B4H         LINE#         188
  -------         ENDPROC       BEEP_PRO
  -------         PROC          MENU_DISP
  -------         DO            
  D:0058H         SYMBOL        i
  -------         ENDDO         
  C:149CH         LINE#         190
  C:149CH         LINE#         191
BL51 BANKED LINKER/LOCATER V5.12                                                      06/20/2018  01:44:18  PAGE 9


  C:149CH         LINE#         193
  C:14A3H         LINE#         194
  C:14A8H         LINE#         195
  C:14D9H         LINE#         196
  C:14DEH         LINE#         197
  C:1510H         LINE#         198
  -------         ENDPROC       MENU_DISP
  -------         PROC          HELP
  -------         DO            
  D:0077H         SYMBOL        i
  -------         ENDDO         
  C:1689H         LINE#         200
  C:1689H         LINE#         201
  C:1689H         LINE#         203
  C:168EH         LINE#         204
  C:169AH         LINE#         205
  C:16A4H         LINE#         206
  C:16BAH         LINE#         207
  C:16BFH         LINE#         208
  C:16D5H         LINE#         209
  -------         ENDPROC       HELP
  -------         PROC          TIME_INC
  C:1883H         LINE#         211
  C:1883H         LINE#         212
  C:1883H         LINE#         213
  C:1885H         LINE#         214
  C:188CH         LINE#         215
  C:1891H         LINE#         216
  C:1898H         LINE#         217
  C:189DH         LINE#         218
  C:18A4H         LINE#         219
  C:18A7H         LINE#         220
  -------         ENDPROC       TIME_INC
  -------         PROC          TIME_DISP
  -------         DO            
  D:0007H         SYMBOL        i
  D:0045H         SYMBOL        j
  -------         ENDDO         
  C:140AH         LINE#         222
  C:140AH         LINE#         223
  C:140AH         LINE#         225
  C:1414H         LINE#         227
  C:141EH         LINE#         228
  C:1424H         LINE#         229
  C:1428H         LINE#         230
  C:142BH         LINE#         231
  C:143AH         LINE#         232
  C:1443H         LINE#         234
  C:144DH         LINE#         235
  C:1453H         LINE#         236
  C:1457H         LINE#         237
  C:145AH         LINE#         238
  C:1469H         LINE#         239
  C:1472H         LINE#         241
  C:147CH         LINE#         242
  C:1482H         LINE#         243
  C:1486H         LINE#         244
BL51 BANKED LINKER/LOCATER V5.12                                                      06/20/2018  01:44:18  PAGE 10


  C:1489H         LINE#         245
  C:1498H         LINE#         246
  -------         ENDPROC       TIME_DISP
  -------         PROC          KEY_PRO
  -------         DO            
  D:0044H         SYMBOL        i
  -------         ENDDO         
  C:1720H         LINE#         249
  C:1720H         LINE#         250
  C:1720H         LINE#         252
  C:1723H         LINE#         253
  C:172AH         LINE#         254
  C:172DH         LINE#         255
  C:1733H         LINE#         256
  C:1733H         LINE#         257
  C:1733H         LINE#         259
  C:1733H         LINE#         260
  C:1733H         LINE#         262
  C:1733H         LINE#         263
  C:1733H         LINE#         264
  C:173FH         LINE#         265
  C:1749H         LINE#         266
  C:175FH         LINE#         267
  C:1764H         LINE#         268
  C:1769H         LINE#         269
  C:1769H         LINE#         270
  C:1769H         LINE#         272
  C:1769H         LINE#         273
  C:1769H         LINE#         275
  C:1769H         LINE#         276
  C:1769H         LINE#         278
  C:1769H         LINE#         279
  C:1769H         LINE#         280
  C:1769H         LINE#         281
  C:1769H         LINE#         282
  -------         ENDPROC       KEY_PRO
  -------         PROC          ID_SHIFT
  -------         DO            
  D:0048H         SYMBOL        i
  D:0049H         SYMBOL        j
  -------         ENDDO         
  C:05E8H         LINE#         284
  C:05E8H         LINE#         285
  C:05E8H         LINE#         287
  C:05EDH         LINE#         288
  C:05F0H         LINE#         289
  C:05F7H         LINE#         290
  C:05FDH         LINE#         291
  C:0607H         LINE#         292
  C:0610H         LINE#         293
  C:0613H         LINE#         294
  C:061AH         LINE#         295
  C:0620H         LINE#         296
  C:0625H         LINE#         297
  C:062FH         LINE#         298
  C:0636H         LINE#         299
  C:063CH         LINE#         300
BL51 BANKED LINKER/LOCATER V5.12                                                      06/20/2018  01:44:18  PAGE 11


  C:0646H         LINE#         301
  C:064AH         LINE#         302
  C:064DH         LINE#         303
  C:0654H         LINE#         304
  C:065AH         LINE#         305
  C:0664H         LINE#         306
  C:066DH         LINE#         307
  C:0677H         LINE#         308
  C:067EH         LINE#         309
  C:0684H         LINE#         310
  C:068EH         LINE#         311
  C:0692H         LINE#         312
  C:0699H         LINE#         313
  C:06A5H         LINE#         314
  C:06A5H         LINE#         315
  C:06ACH         LINE#         316
  C:06B2H         LINE#         317
  C:06B7H         LINE#         318
  C:06BAH         LINE#         319
  C:06C1H         LINE#         320
  C:06C7H         LINE#         321
  C:06CCH         LINE#         322
  C:06D6H         LINE#         323
  C:06DDH         LINE#         324
  C:06E3H         LINE#         325
  C:06EDH         LINE#         326
  C:06F1H         LINE#         327
  C:06F4H         LINE#         328
  C:06FBH         LINE#         329
  C:0701H         LINE#         330
  C:070BH         LINE#         331
  C:0714H         LINE#         332
  C:071EH         LINE#         333
  C:0725H         LINE#         334
  C:072BH         LINE#         335
  C:0735H         LINE#         336
  C:0739H         LINE#         337
  C:0740H         LINE#         338
  C:0746H         LINE#         339
  C:0752H         LINE#         340
  C:0759H         LINE#         341
  C:075EH         LINE#         342
  C:0761H         LINE#         343
  C:0768H         LINE#         344
  C:076EH         LINE#         345
  C:0778H         LINE#         346
  C:0781H         LINE#         347
  C:078EH         LINE#         348
  C:0795H         LINE#         349
  C:0798H         LINE#         350
  C:079DH         LINE#         351
  C:07A7H         LINE#         352
  C:07AEH         LINE#         353
  C:07B1H         LINE#         354
  C:07BBH         LINE#         355
  C:07BFH         LINE#         356
  C:07C2H         LINE#         357
BL51 BANKED LINKER/LOCATER V5.12                                                      06/20/2018  01:44:18  PAGE 12


  C:07C9H         LINE#         358
  C:07CCH         LINE#         359
  C:07D6H         LINE#         360
  C:07DFH         LINE#         361
  C:07E9H         LINE#         362
  C:07F0H         LINE#         363
  C:07F3H         LINE#         364
  C:07FDH         LINE#         365
  C:0801H         LINE#         366
  C:0808H         LINE#         367
  C:080BH         LINE#         368
  C:0810H         LINE#         369
  C:0810H         LINE#         370
  -------         ENDPROC       ID_SHIFT
  -------         PROC          _UP_COUNTER
  D:0006H         SYMBOL        min
  D:0048H         SYMBOL        max
  -------         DO            
  D:004AH         SYMBOL        len
  D:004CH         SYMBOL        p_count
  D:004FH         SYMBOL        i
  D:0051H         SYMBOL        j
  D:0053H         SYMBOL        mask
  -------         ENDDO         
  C:0B22H         LINE#         373
  C:0B26H         LINE#         374
  C:0B26H         LINE#         375
  C:0B2CH         LINE#         376
  C:0B35H         LINE#         378
  C:0B47H         LINE#         379
  C:0B47H         LINE#         380
  C:0B4CH         LINE#         381
  C:0B53H         LINE#         382
  C:0B59H         LINE#         383
  C:0B66H         LINE#         384
  C:0B79H         LINE#         385
  C:0B79H         LINE#         386
  C:0B80H         LINE#         387
  C:0B86H         LINE#         388
  C:0B96H         LINE#         389
  C:0B96H         LINE#         390
  C:0B9DH         LINE#         391
  C:0BA3H         LINE#         392
  C:0BBCH         LINE#         393
  C:0BBCH         LINE#         394
  C:0BC2H         LINE#         395
  C:0BC4H         LINE#         396
  C:0BC4H         LINE#         397
  C:0BCEH         LINE#         398
  C:0BDEH         LINE#         399
  C:0BDEH         LINE#         400
  C:0BE5H         LINE#         401
  C:0BE8H         LINE#         402
  C:0BF3H         LINE#         403
  C:0BF3H         LINE#         404
  C:0BF5H         LINE#         405
  C:0BF7H         LINE#         407
BL51 BANKED LINKER/LOCATER V5.12                                                      06/20/2018  01:44:18  PAGE 13


  C:0BF7H         LINE#         408
  C:0C12H         LINE#         409
  C:0C12H         LINE#         410
  C:0C1CH         LINE#         411
  C:0C23H         LINE#         412
  C:0C26H         LINE#         413
  C:0C31H         LINE#         414
  C:0C3CH         LINE#         415
  -------         ENDPROC       _UP_COUNTER
  -------         PROC          _DOWN_COUNTER
  D:0006H         SYMBOL        min
  D:0048H         SYMBOL        max
  -------         DO            
  D:004AH         SYMBOL        len
  D:004CH         SYMBOL        p_count
  D:004FH         SYMBOL        i
  D:0051H         SYMBOL        j
  D:0053H         SYMBOL        mask
  -------         ENDDO         
  C:0C3DH         LINE#         417
  C:0C41H         LINE#         418
  C:0C41H         LINE#         419
  C:0C47H         LINE#         420
  C:0C50H         LINE#         422
  C:0C62H         LINE#         423
  C:0C62H         LINE#         424
  C:0C67H         LINE#         425
  C:0C6EH         LINE#         426
  C:0C74H         LINE#         427
  C:0C81H         LINE#         428
  C:0C94H         LINE#         429
  C:0C94H         LINE#         430
  C:0C9BH         LINE#         431
  C:0CA1H         LINE#         432
  C:0CB1H         LINE#         433
  C:0CB1H         LINE#         434
  C:0CB8H         LINE#         435
  C:0CBEH         LINE#         436
  C:0CD7H         LINE#         437
  C:0CD7H         LINE#         438
  C:0CDDH         LINE#         439
  C:0CDFH         LINE#         440
  C:0CDFH         LINE#         441
  C:0CE9H         LINE#         442
  C:0CF9H         LINE#         443
  C:0CF9H         LINE#         444
  C:0D00H         LINE#         445
  C:0D03H         LINE#         446
  C:0D0EH         LINE#         447
  C:0D0EH         LINE#         448
  C:0D10H         LINE#         449
  C:0D12H         LINE#         451
  C:0D12H         LINE#         452
  C:0D2DH         LINE#         453
  C:0D2DH         LINE#         454
  C:0D37H         LINE#         455
  C:0D3EH         LINE#         456
BL51 BANKED LINKER/LOCATER V5.12                                                      06/20/2018  01:44:18  PAGE 14


  C:0D41H         LINE#         457
  C:0D4CH         LINE#         458
  C:0D57H         LINE#         459
  -------         ENDPROC       _DOWN_COUNTER
  -------         ENDMOD        CUT

  -------         MODULE        ADC
  C:0000H         SYMBOL        _ICE_DUMMY_
  D:0091H         PUBLIC        P1M0
  D:0092H         PUBLIC        P1M1
  D:0080H         PUBLIC        P0
  D:0090H         PUBLIC        P1
  D:00A0H         PUBLIC        P2
  D:00C0H         PUBLIC        XICON
  D:00B0H         PUBLIC        P3
  D:00E8H         PUBLIC        P4
  C:1636H         PUBLIC        ADC_HEX_DISPLAY
  D:00A8H         PUBLIC        IE
  D:00C6H         PUBLIC        ADCH
  D:00BEH         PUBLIC        ADCL
  D:00B8H         PUBLIC        IP
  D:00D8H         PUBLIC        CCON
  C:1582H         PUBLIC        V_ADC0
  D:0073H         PUBLIC        ADC16
  C:15DCH         PUBLIC        V_ADC5
  D:0098H         PUBLIC        SCON
  D:0088H         PUBLIC        TCON
  C:0811H         PUBLIC        _HEX_to_DEC
  C:19BFH         PUBLIC        Init_ADC
  D:008EH         PUBLIC        AUXR
  C:0F59H         PUBLIC        _HEX_to_BIN
  D:00C8H         PUBLIC        T2CON
  D:00C5H         PUBLIC        ADCTL
  C:18A8H         PUBLIC        ADC_DEC_DISPLAY
  D:00D0H         PUBLIC        PSW
  C:185BH         PUBLIC        ADC_BIN_DISPLAY
  -------         PROC          INIT_ADC
  C:19BFH         LINE#         9
  C:19BFH         LINE#         10
  C:19BFH         LINE#         11
  C:19C5H         LINE#         12
  C:19C7H         LINE#         13
  -------         ENDPROC       INIT_ADC
  -------         PROC          V_ADC0
  -------         DO            
  D:0004H         SYMBOL        temp
  -------         ENDDO         
  C:1582H         LINE#         15
  C:1582H         LINE#         16
  C:1582H         LINE#         19
  C:1585H         LINE#         20
  C:158AH         LINE#         21
  C:158DH         LINE#         22
  C:15A1H         LINE#         24
  C:15A4H         LINE#         25
  C:15A9H         LINE#         26
  C:15ACH         LINE#         27
BL51 BANKED LINKER/LOCATER V5.12                                                      06/20/2018  01:44:18  PAGE 15


  C:15C9H         LINE#         29
  C:15DBH         LINE#         30
  -------         ENDPROC       V_ADC0
  -------         PROC          V_ADC5
  -------         DO            
  D:0004H         SYMBOL        temp
  -------         ENDDO         
  C:15DCH         LINE#         32
  C:15DCH         LINE#         33
  C:15DCH         LINE#         36
  C:15DFH         LINE#         37
  C:15E4H         LINE#         38
  C:15E7H         LINE#         39
  C:15FBH         LINE#         41
  C:15FEH         LINE#         42
  C:1603H         LINE#         43
  C:1606H         LINE#         44
  C:1623H         LINE#         46
  C:1635H         LINE#         47
  -------         ENDPROC       V_ADC5
  -------         PROC          ADC_HEX_DISPLAY
  -------         DO            
  D:0007H         SYMBOL        i
  D:006DH         SYMBOL        HEX
  -------         ENDDO         
  C:1636H         LINE#         49
  C:1636H         LINE#         50
  C:1636H         LINE#         54
  C:163CH         LINE#         55
  C:163FH         LINE#         56
  C:1648H         LINE#         57
  C:164FH         LINE#         59
  C:165FH         LINE#         60
  C:1668H         LINE#         61
  C:166FH         LINE#         62
  C:1674H         LINE#         63
  C:167DH         LINE#         64
  C:1684H         LINE#         65
  -------         ENDPROC       ADC_HEX_DISPLAY
  -------         PROC          ADC_DEC_DISPLAY
  -------         DO            
  D:0078H         SYMBOL        i
  D:0002H         SYMBOL        HEX
  -------         ENDDO         
  C:18A8H         LINE#         68
  C:18A8H         LINE#         69
  C:18A8H         LINE#         73
  C:18ACH         LINE#         75
  C:18C8H         LINE#         77
  -------         ENDPROC       ADC_DEC_DISPLAY
  -------         PROC          ADC_BIN_DISPLAY
  -------         DO            
  D:0007H         SYMBOL        i
  D:006FH         SYMBOL        HEX
  -------         ENDDO         
  C:185BH         LINE#         81
  C:185BH         LINE#         82
BL51 BANKED LINKER/LOCATER V5.12                                                      06/20/2018  01:44:18  PAGE 16


  C:185BH         LINE#         86
  C:1861H         LINE#         87
  C:1864H         LINE#         88
  C:1869H         LINE#         90
  C:1876H         LINE#         91
  C:1879H         LINE#         93
  C:187BH         LINE#         94
  C:187EH         LINE#         96
  -------         ENDPROC       ADC_BIN_DISPLAY
  -------         PROC          L?0069
  -------         ENDPROC       L?0069
  -------         PROC          _HEX_TO_BIN
  D:0006H         SYMBOL        num
  -------         DO            
  D:0071H         SYMBOL        i
  -------         ENDDO         
  C:0F59H         LINE#         99
  C:0F59H         LINE#         100
  C:0F59H         LINE#         102
  C:0F9FH         LINE#         103
  C:0F9FH         LINE#         104
  C:0F9FH         LINE#         105
  C:0FA1H         LINE#         106
  C:0FA1H         LINE#         107
  C:0FA1H         LINE#         108
  C:0FA1H         LINE#         109
  C:0FA3H         LINE#         110
  C:0FA3H         LINE#         111
  C:0FA5H         LINE#         112
  C:0FA5H         LINE#         113
  C:0FA5H         LINE#         114
  C:0FA5H         LINE#         115
  C:0FA7H         LINE#         116
  C:0FA7H         LINE#         117
  C:0FA9H         LINE#         118
  C:0FA9H         LINE#         119
  C:0FA9H         LINE#         120
  C:0FA9H         LINE#         121
  C:0FABH         LINE#         122
  C:0FABH         LINE#         123
  C:0FADH         LINE#         124
  C:0FADH         LINE#         125
  C:0FADH         LINE#         126
  C:0FADH         LINE#         127
  C:0FAFH         LINE#         128
  C:0FAFH         LINE#         129
  C:0FB1H         LINE#         130
  C:0FB1H         LINE#         131
  C:0FB1H         LINE#         132
  C:0FB1H         LINE#         133
  C:0FB3H         LINE#         134
  C:0FB3H         LINE#         135
  C:0FB5H         LINE#         136
  C:0FB5H         LINE#         137
  C:0FB5H         LINE#         138
  C:0FB5H         LINE#         139
  C:0FB7H         LINE#         140
BL51 BANKED LINKER/LOCATER V5.12                                                      06/20/2018  01:44:18  PAGE 17


  C:0FB7H         LINE#         141
  C:0FB9H         LINE#         142
  C:0FB9H         LINE#         143
  C:0FB9H         LINE#         144
  C:0FB9H         LINE#         145
  C:0FBBH         LINE#         146
  C:0FBBH         LINE#         147
  C:0FBDH         LINE#         148
  C:0FBDH         LINE#         149
  C:0FBDH         LINE#         150
  C:0FBDH         LINE#         151
  C:0FBFH         LINE#         152
  C:0FBFH         LINE#         153
  C:0FC4H         LINE#         154
  C:0FC6H         LINE#         155
  C:0FC6H         LINE#         156
  C:0FC6H         LINE#         157
  C:0FC8H         LINE#         158
  C:0FC8H         LINE#         159
  C:0FCDH         LINE#         160
  C:0FCFH         LINE#         161
  C:0FCFH         LINE#         162
  C:0FCFH         LINE#         163
  C:0FD1H         LINE#         164
  C:0FD1H         LINE#         165
  C:0FD6H         LINE#         166
  C:0FD8H         LINE#         167
  C:0FD8H         LINE#         168
  C:0FD8H         LINE#         169
  C:0FDAH         LINE#         170
  C:0FDAH         LINE#         171
  C:0FDFH         LINE#         172
  C:0FE1H         LINE#         173
  C:0FE1H         LINE#         174
  C:0FE1H         LINE#         175
  C:0FE3H         LINE#         176
  C:0FE3H         LINE#         177
  C:0FE8H         LINE#         178
  C:0FEDH         LINE#         179
  C:0FEFH         LINE#         180
  C:0FEFH         LINE#         181
  C:0FF1H         LINE#         182
  C:0FF1H         LINE#         183
  C:0FF6H         LINE#         184
  C:0FFBH         LINE#         185
  C:0FFDH         LINE#         186
  C:0FFDH         LINE#         187
  C:0FFFH         LINE#         188
  C:0FFFH         LINE#         189
  C:1004H         LINE#         190
  C:1009H         LINE#         191
  C:100EH         LINE#         192
  C:1010H         LINE#         193
  C:1012H         LINE#         194
  C:1012H         LINE#         195
  C:1017H         LINE#         196
  C:101CH         LINE#         197
BL51 BANKED LINKER/LOCATER V5.12                                                      06/20/2018  01:44:18  PAGE 18


  C:1021H         LINE#         198
  C:1026H         LINE#         199
  C:1026H         LINE#         200
  C:1026H         LINE#         201
  -------         ENDPROC       _HEX_TO_BIN
  -------         PROC          _HEX_TO_DEC
  D:0006H         SYMBOL        fir
  D:0004H         SYMBOL        sec
  D:0002H         SYMBOL        thi
  -------         DO            
  D:0010H         SYMBOL        len
  D:0011H         SYMBOL        i
  D:0012H         SYMBOL        k
  D:0014H         SYMBOL        v1
  D:0006H         SYMBOL        v2
  D:0002H         SYMBOL        v3
  D:0016H         SYMBOL        tal
  -------         ENDDO         
  C:0811H         LINE#         203
  C:0811H         LINE#         204
  C:0811H         LINE#         207
  C:0817H         LINE#         208
  C:0825H         LINE#         209
  C:0825H         LINE#         210
  C:0834H         LINE#         211
  C:083FH         LINE#         212
  C:083FH         LINE#         213
  C:0842H         LINE#         214
  C:084FH         LINE#         215
  C:084FH         LINE#         216
  C:0899H         LINE#         217
  C:08A4H         LINE#         218
  C:08AFH         LINE#         219
  C:08B4H         LINE#         220
  C:08B8H         LINE#         221
  C:08B8H         LINE#         222
  C:08C6H         LINE#         223
  C:08C6H         LINE#         224
  C:08CBH         LINE#         225
  C:08CEH         LINE#         226
  C:08DBH         LINE#         227
  C:08DBH         LINE#         228
  C:0925H         LINE#         229
  C:0930H         LINE#         230
  C:093BH         LINE#         231
  C:0940H         LINE#         232
  C:0944H         LINE#         233
  C:0944H         LINE#         234
  C:0952H         LINE#         235
  C:0952H         LINE#         236
  C:0957H         LINE#         237
  C:095CH         LINE#         238
  C:095FH         LINE#         239
  C:096CH         LINE#         240
  C:096CH         LINE#         241
  C:09B6H         LINE#         242
  C:09C1H         LINE#         243
BL51 BANKED LINKER/LOCATER V5.12                                                      06/20/2018  01:44:18  PAGE 19


  C:09CCH         LINE#         244
  C:09D1H         LINE#         245
  C:09D5H         LINE#         246
  C:09D5H         LINE#         248
  C:09D5H         LINE#         249
  C:09DAH         LINE#         250
  C:09DFH         LINE#         251
  C:09E4H         LINE#         252
  C:09ECH         LINE#         253
  C:09ECH         LINE#         254
  -------         ENDPROC       _HEX_TO_DEC
  -------         ENDMOD        ADC

  -------         MODULE        KEY
  C:0000H         SYMBOL        _ICE_DUMMY_
  D:0080H         PUBLIC        P0
  D:0090H         PUBLIC        P1
  D:00A0H         PUBLIC        P2
  D:00C0H         PUBLIC        XICON
  D:00B0H         PUBLIC        P3
  D:00E8H         PUBLIC        P4
  D:00A8H         PUBLIC        IE
  D:00B8H         PUBLIC        IP
  C:1027H         PUBLIC        SCAN_ON
  D:00D8H         PUBLIC        CCON
  D:0098H         PUBLIC        SCON
  D:0088H         PUBLIC        TCON
  C:0016H         PUBLIC        SCAN_OFF
  D:00C8H         PUBLIC        T2CON
  D:00D0H         PUBLIC        PSW
  -------         PROC          SCAN_ON
  C:1027H         LINE#         9
  C:1027H         LINE#         10
  C:1027H         LINE#         11
  C:102DH         LINE#         12
  C:1030H         LINE#         13
  C:103CH         LINE#         14
  C:1048H         LINE#         15
  C:1054H         LINE#         16
  C:1060H         LINE#         18
  C:1063H         LINE#         19
  C:106FH         LINE#         20
  C:107BH         LINE#         21
  C:1087H         LINE#         22
  C:1093H         LINE#         24
  C:1096H         LINE#         25
  C:10A2H         LINE#         26
  C:10AEH         LINE#         27
  C:10BAH         LINE#         28
  C:10C6H         LINE#         30
  C:10C9H         LINE#         31
  C:10D5H         LINE#         32
  C:10E1H         LINE#         33
  C:10EDH         LINE#         34
  C:10F8H         LINE#         35
  -------         ENDPROC       SCAN_ON
  -------         PROC          SCAN_OFF
BL51 BANKED LINKER/LOCATER V5.12                                                      06/20/2018  01:44:18  PAGE 20


  -------         DO            
  C:0016H         SYMBOL        LOOP
  -------         ENDDO         
  C:0016H         LINE#         37
  C:0016H         LINE#         38
  C:0016H         LINE#         39
  C:0016H         LINE#         40
  C:0019H         LINE#         41
  C:001EH         LINE#         42
  C:0025H         LINE#         43
  C:002AH         LINE#         44
  -------         ENDPROC       SCAN_OFF
  -------         ENDMOD        KEY

  -------         MODULE        LCD
  C:0000H         SYMBOL        _ICE_DUMMY_
  D:0080H         PUBLIC        P0
  D:0090H         PUBLIC        P1
  D:00A0H         PUBLIC        P2
  D:00C0H         PUBLIC        XICON
  D:00B0H         PUBLIC        P3
  D:00E8H         PUBLIC        P4
  D:00A8H         PUBLIC        IE
  B:0080H.1       PUBLIC        EN
  D:00B8H         PUBLIC        IP
  C:1974H         PUBLIC        _DelayL
  D:00D8H         PUBLIC        CCON
  B:0080H.0       PUBLIC        RS
  C:190CH         PUBLIC        _LCD_Cmd
  D:0098H         PUBLIC        SCON
  D:0088H         PUBLIC        TCON
  C:1828H         PUBLIC        _Send_Data
  C:1971H         PUBLIC        _DLY
  C:17EBH         PUBLIC        Init_LCD
  C:17AEH         PUBLIC        _CGRAM
  C:19B5H         PUBLIC        _Delay
  D:0080H         PUBLIC        DATA_BUS
  D:00C8H         PUBLIC        T2CON
  C:19A0H         PUBLIC        _LCD_CmdI
  D:00D0H         PUBLIC        PSW
  -------         PROC          _CGRAM
  D:0064H         SYMBOL        num
  D:0065H         SYMBOL        FONT
  -------         DO            
  D:0068H         SYMBOL        i
  -------         ENDDO         
  C:17AEH         LINE#         7
  C:17B6H         LINE#         8
  C:17B6H         LINE#         10
  C:17BBH         LINE#         11
  C:17EAH         LINE#         12
  -------         ENDPROC       _CGRAM
  -------         PROC          INIT_LCD
  C:17EBH         LINE#         14
  C:17EBH         LINE#         15
  C:17EBH         LINE#         16
  C:17F7H         LINE#         17
BL51 BANKED LINKER/LOCATER V5.12                                                      06/20/2018  01:44:18  PAGE 21


  C:1803H         LINE#         18
  C:1808H         LINE#         19
  C:180DH         LINE#         21
  C:1812H         LINE#         22
  C:181EH         LINE#         23
  C:1823H         LINE#         24
  -------         ENDPROC       INIT_LCD
  -------         PROC          _LCD_CMDI
  D:0007H         SYMBOL        Comm
  C:19A0H         LINE#         27
  C:19A0H         LINE#         28
  C:19A0H         LINE#         29
  C:19A1H         LINE#         30
  -------         ENDPROC       _LCD_CMDI
  -------         PROC          _LCD_CMD
  D:0059H         SYMBOL        Comm
  C:190CH         LINE#         33
  C:190EH         LINE#         34
  C:190EH         LINE#         35
  C:1910H         LINE#         36
  C:191AH         LINE#         37
  C:191FH         LINE#         38
  -------         ENDPROC       _LCD_CMD
  -------         PROC          _SEND_DATA
  D:0059H         SYMBOL        Data
  C:1828H         LINE#         41
  C:182AH         LINE#         42
  C:182AH         LINE#         43
  C:1836H         LINE#         44
  C:1842H         LINE#         45
  C:184FH         LINE#         46
  -------         ENDPROC       _SEND_DATA
  -------         PROC          _DELAY
  D:0006H         SYMBOL        Del
  -------         DO            
  C:19B5H         SYMBOL        WAITD
  -------         ENDDO         
  C:19B5H         LINE#         49
  C:19B5H         LINE#         50
  C:19B5H         LINE#         51
  C:19B5H         LINE#         52
  C:19BAH         LINE#         53
  C:19BEH         LINE#         54
  -------         ENDPROC       _DELAY
  C:1963H         SYMBOL        L?0021
  C:196DH         SYMBOL        L?0022
  -------         PROC          L?0020
  -------         ENDPROC       L?0020
  C:1963H         SYMBOL        L?0021
  C:196DH         SYMBOL        L?0022
  -------         PROC          _DLY
  D:0007H         SYMBOL        dly
  -------         DO            
  C:1971H         SYMBOL        WAITS
  -------         ENDDO         
  C:1971H         LINE#         56
  C:1971H         LINE#         57
BL51 BANKED LINKER/LOCATER V5.12                                                      06/20/2018  01:44:18  PAGE 22


  C:1971H         LINE#         58
  C:1971H         LINE#         59
  C:1973H         LINE#         60
  C:1973H         LINE#         61
  -------         ENDPROC       _DLY
  -------         PROC          _DELAYL
  D:0007H         SYMBOL        CNT
  -------         DO            
  D:0005H         SYMBOL        j
  -------         ENDDO         
  C:1974H         LINE#         63
  C:1974H         LINE#         64
  C:1974H         LINE#         66
  C:197CH         LINE#         67
  C:1986H         LINE#         68
  -------         ENDPROC       _DELAYL
  -------         ENDMOD        LCD

  -------         MODULE        ROT
  C:0000H         SYMBOL        _ICE_DUMMY_
  D:0080H         PUBLIC        P0
  D:0090H         PUBLIC        P1
  D:00A0H         PUBLIC        P2
  C:18EDH         PUBLIC        ROT_LEFT
  D:00C0H         PUBLIC        XICON
  D:00B0H         PUBLIC        P3
  D:00E8H         PUBLIC        P4
  D:00A8H         PUBLIC        IE
  D:00B8H         PUBLIC        IP
  D:0075H         PUBLIC        CCW_CNT
  D:00D8H         PUBLIC        CCON
  D:0098H         PUBLIC        SCON
  D:0088H         PUBLIC        TCON
  B:00B0H.6       PUBLIC        ROTA
  B:00B0H.7       PUBLIC        ROTB
  C:18CDH         PUBLIC        ROT_RIGHT
  C:11A6H         PUBLIC        _ROT_SCAN
  D:0076H         PUBLIC        CW_CNT
  D:00C8H         PUBLIC        T2CON
  D:00D0H         PUBLIC        PSW
  -------         PROC          _ROT_SCAN
  D:0055H         SYMBOL        DelN
  -------         DO            
  D:0007H         SYMBOL        j
  D:0006H         SYMBOL        k
  D:0057H         SYMBOL        NEW
  D:0007H         SYMBOL        ABTEMP
  C:11AAH         SYMBOL        WAITN
  -------         ENDDO         
  C:11A6H         LINE#         10
  C:11AAH         LINE#         11
  C:11AAH         LINE#         13
  C:11AAH         LINE#         14
  C:11B2H         LINE#         15
  C:11C0H         LINE#         16
  C:11C2H         LINE#         17
  C:11C4H         LINE#         18
BL51 BANKED LINKER/LOCATER V5.12                                                      06/20/2018  01:44:18  PAGE 23


  C:11C7H         LINE#         19
  C:11CBH         LINE#         20
  C:11E8H         LINE#         21
  C:1201H         LINE#         22
  C:1203H         LINE#         23
  C:1203H         LINE#         24
  C:121FH         LINE#         25
  C:123CH         LINE#         26
  C:123CH         LINE#         27
  C:123CH         LINE#         28
  C:1245H         LINE#         29
  -------         ENDPROC       _ROT_SCAN
  -------         PROC          ROT_LEFT
  C:18EDH         LINE#         31
  C:18EDH         LINE#         32
  C:18EDH         LINE#         33
  C:18F2H         LINE#         34
  C:18F7H         LINE#         35
  C:18FAH         LINE#         36
  C:1903H         LINE#         37
  C:1905H         LINE#         38
  C:190BH         LINE#         39
  C:190BH         LINE#         40
  -------         ENDPROC       ROT_LEFT
  -------         PROC          ROT_RIGHT
  C:18CDH         LINE#         42
  C:18CDH         LINE#         43
  C:18CDH         LINE#         44
  C:18D2H         LINE#         45
  C:18D7H         LINE#         46
  C:18DAH         LINE#         47
  C:18E4H         LINE#         48
  C:18E6H         LINE#         49
  C:18ECH         LINE#         50
  C:18ECH         LINE#         51
  -------         ENDPROC       ROT_RIGHT
  -------         ENDMOD        ROT

  -------         MODULE        COUNTER
  C:0000H         SYMBOL        _ICE_DUMMY_
  D:0080H         PUBLIC        P0
  D:0090H         PUBLIC        P1
  D:00A0H         PUBLIC        P2
  C:1929H         PUBLIC        _CALL_UP
  D:00C0H         PUBLIC        XICON
  D:00B0H         PUBLIC        P3
  D:00E8H         PUBLIC        P4
  D:00A8H         PUBLIC        IE
  C:1945H         PUBLIC        _CALL_DOWN
  D:00B8H         PUBLIC        IP
  D:00D8H         PUBLIC        CCON
  D:0098H         PUBLIC        SCON
  D:0088H         PUBLIC        TCON
  D:00C8H         PUBLIC        T2CON
  C:1377H         PUBLIC        _UP_CARRY
  D:00D0H         PUBLIC        PSW
  C:12E0H         PUBLIC        _DOWN_CARRY
BL51 BANKED LINKER/LOCATER V5.12                                                      06/20/2018  01:44:18  PAGE 24


  -------         PROC          _UP_CARRY
  D:0055H         SYMBOL        count_array
  D:0058H         SYMBOL        count_len
  -------         DO            
  D:0004H         SYMBOL        i
  D:0004H         SYMBOL        count_index
  -------         ENDDO         
  C:1377H         LINE#         8
  C:1381H         LINE#         9
  C:1381H         LINE#         11
  C:138DH         LINE#         12
  C:1392H         LINE#         13
  C:1392H         LINE#         14
  C:13A5H         LINE#         15
  C:13A5H         LINE#         16
  C:13B5H         LINE#         17
  C:13BEH         LINE#         18
  C:13BEH         LINE#         19
  C:13DDH         LINE#         20
  C:13E0H         LINE#         21
  C:13E0H         LINE#         23
  C:13E0H         LINE#         25
  C:13ECH         LINE#         26
  C:13ECH         LINE#         27
  C:1402H         LINE#         28
  C:1409H         LINE#         29
  C:1409H         LINE#         30
  C:1409H         LINE#         31
  C:1409H         LINE#         32
  -------         ENDPROC       _UP_CARRY
  -------         PROC          _CALL_UP
  D:0001H         SYMBOL        count_array
  D:0004H         SYMBOL        count_len
  C:1929H         LINE#         33
  C:1929H         LINE#         34
  C:1929H         LINE#         35
  C:1942H         LINE#         36
  -------         ENDPROC       _CALL_UP
  -------         PROC          _DOWN_CARRY
  D:0055H         SYMBOL        count_array
  D:0058H         SYMBOL        count_len
  -------         DO            
  D:0004H         SYMBOL        i
  D:0004H         SYMBOL        count_index
  -------         ENDDO         
  C:12E0H         LINE#         41
  C:12EAH         LINE#         42
  C:12EAH         LINE#         44
  C:12F6H         LINE#         45
  C:12FBH         LINE#         46
  C:12FBH         LINE#         47
  C:1310H         LINE#         48
  C:1310H         LINE#         49
  C:1321H         LINE#         50
  C:132AH         LINE#         51
  C:132AH         LINE#         52
  C:1349H         LINE#         53
BL51 BANKED LINKER/LOCATER V5.12                                                      06/20/2018  01:44:18  PAGE 25


  C:134CH         LINE#         54
  C:134CH         LINE#         56
  C:134CH         LINE#         58
  C:1358H         LINE#         59
  C:1358H         LINE#         60
  C:136FH         LINE#         61
  C:1376H         LINE#         62
  C:1376H         LINE#         63
  C:1376H         LINE#         64
  C:1376H         LINE#         65
  -------         ENDPROC       _DOWN_CARRY
  -------         PROC          _CALL_DOWN
  D:0001H         SYMBOL        count_array
  D:0004H         SYMBOL        count_len
  C:1945H         LINE#         66
  C:1945H         LINE#         67
  C:1945H         LINE#         68
  C:195EH         LINE#         69
  -------         ENDPROC       _CALL_DOWN
  -------         ENDMOD        COUNTER

  -------         MODULE        ?C?FPDIV
  C:0031H         PUBLIC        ?C?FPDIV
  -------         ENDMOD        ?C?FPDIV

  -------         MODULE        ?C?FCAST
  C:00D8H         PUBLIC        ?C?FCASTC
  C:00D3H         PUBLIC        ?C?FCASTI
  C:00CEH         PUBLIC        ?C?FCASTL
  -------         ENDMOD        ?C?FCAST

  -------         MODULE        ?C?CASTF
  C:010CH         PUBLIC        ?C?CASTF
  -------         ENDMOD        ?C?CASTF

  -------         MODULE        POW
  D:005AH         PUBLIC        ?_pow?BYTE
  C:0D58H         PUBLIC        _pow
  -------         ENDMOD        POW

  -------         MODULE        ?C?CHKFLOAT
  C:018DH         PUBLIC        ?C?CHKFLOAT
  -------         ENDMOD        ?C?CHKFLOAT

  -------         MODULE        ?C?FPADD
  C:01AEH         PUBLIC        ?C?FPADD
  C:01AAH         PUBLIC        ?C?FPSUB
  -------         ENDMOD        ?C?FPADD

  -------         MODULE        ?C?FPMUL
  C:029FH         PUBLIC        ?C?FPMUL
  -------         ENDMOD        ?C?FPMUL

  -------         MODULE        ?C?FPCMP
  C:03A7H         PUBLIC        ?C?FPCMP
  C:03A5H         PUBLIC        ?C?FPCMP3
  -------         ENDMOD        ?C?FPCMP
BL51 BANKED LINKER/LOCATER V5.12                                                      06/20/2018  01:44:18  PAGE 26



  -------         MODULE        ?C?FPNEG
  C:0412H         PUBLIC        ?C?FPNEG
  -------         ENDMOD        ?C?FPNEG

  -------         MODULE        EXP
  C:127EH         PUBLIC        _EXP
  -------         ENDMOD        EXP

  -------         MODULE        LOG
  C:0A21H         PUBLIC        _LOG
  C:0A1DH         PUBLIC        _LOG10
  -------         ENDMOD        LOG

  -------         MODULE        ?C?CLDOPTR
  C:0470H         PUBLIC        ?C?CLDOPTR
  -------         ENDMOD        ?C?CLDOPTR

  -------         MODULE        ?C?UIDIV
  C:049DH         PUBLIC        ?C?UIDIV
  -------         ENDMOD        ?C?UIDIV

  -------         MODULE        ?C?ILDOPTR
  C:04F2H         PUBLIC        ?C?ILDOPTR
  -------         ENDMOD        ?C?ILDOPTR

  -------         MODULE        ?C?IILDOPTR
  C:052AH         PUBLIC        ?C?IILDOPTR
  -------         ENDMOD        ?C?IILDOPTR

  -------         MODULE        ?C?ISTOPTR
  C:0577H         PUBLIC        ?C?ISTOPTR
  -------         ENDMOD        ?C?ISTOPTR

  -------         MODULE        ?C?LNEG
  C:05A4H         PUBLIC        ?C?LNEG
  -------         ENDMOD        ?C?LNEG

  -------         MODULE        ?C?LLDCODE
  C:05B2H         PUBLIC        ?C?LLDCODE
  -------         ENDMOD        ?C?LLDCODE

  -------         MODULE        ?C?LLDCODE0
  C:05C2H         PUBLIC        ?C?LLDCODE0
  -------         ENDMOD        ?C?LLDCODE0

  -------         MODULE        ?C?IILDX
  C:05D2H         PUBLIC        ?C?IILDX
  -------         ENDMOD        ?C?IILDX

*** WARNING L16: UNCALLED SEGMENT, IGNORED FOR OVERLAY PROCESS
    SEGMENT: ?PR?HELP?CUT

*** WARNING L16: UNCALLED SEGMENT, IGNORED FOR OVERLAY PROCESS
    SEGMENT: ?PR?INIT_ADC?ADC

*** WARNING L16: UNCALLED SEGMENT, IGNORED FOR OVERLAY PROCESS
BL51 BANKED LINKER/LOCATER V5.12                                                      06/20/2018  01:44:18  PAGE 27


    SEGMENT: ?PR?V_ADC0?ADC

*** WARNING L16: UNCALLED SEGMENT, IGNORED FOR OVERLAY PROCESS
    SEGMENT: ?PR?V_ADC5?ADC

*** WARNING L16: UNCALLED SEGMENT, IGNORED FOR OVERLAY PROCESS
    SEGMENT: ?PR?ADC_HEX_DISPLAY?ADC

*** WARNING L16: UNCALLED SEGMENT, IGNORED FOR OVERLAY PROCESS
    SEGMENT: ?PR?ADC_DEC_DISPLAY?ADC

*** WARNING L16: UNCALLED SEGMENT, IGNORED FOR OVERLAY PROCESS
    SEGMENT: ?PR?ADC_BIN_DISPLAY?ADC

*** WARNING L16: UNCALLED SEGMENT, IGNORED FOR OVERLAY PROCESS
    SEGMENT: ?PR?_CGRAM?LCD

*** WARNING L16: UNCALLED SEGMENT, IGNORED FOR OVERLAY PROCESS
    SEGMENT: ?PR?_DELAYL?LCD

*** WARNING L15: MULTIPLE CALL TO SEGMENT
    SEGMENT: ?PR?_LCD_CMD?LCD
    CALLER1: ?PR?ROTP_INT?CUT
    CALLER2: ?PR?KEY_INT?CUT

*** WARNING L15: MULTIPLE CALL TO SEGMENT
    SEGMENT: ?PR?_LCD_CMD?LCD
    CALLER1: ?PR?KEY_INT?CUT
    CALLER2: ?C_C51STARTUP

*** WARNING L15: MULTIPLE CALL TO SEGMENT
    SEGMENT: ?PR?_SEND_DATA?LCD
    CALLER1: ?PR?KEY_INT?CUT
    CALLER2: ?C_C51STARTUP

Program Size: data=121.1 xdata=0 code=6590
LINK/LOCATE RUN COMPLETE.  12 WARNING(S),  0 ERROR(S)
